DEPRECATED: The legacy builder is deprecated and will be removed in a future release.
            Install the buildx component to build images with BuildKit:
            https://docs.docker.com/go/buildx/

Sending build context to Docker daemon  77.46MB
Step 1/18 : ARG PYTHON_IMAGE=python:3.12-slim-bookworm@sha256:392307d22300de8b5986851a12d9176dfc0fc073e65bf6523ebd7dcbeb23564e
Step 2/18 : FROM ${PYTHON_IMAGE}
 ---> febd0be41adb
Step 3/18 : LABEL org.opencontainers.image.version="0.4.0" org.opencontainers.image.title="XTend.search SearXNG backend"
 ---> Using cache
 ---> 5cc456246d48
Step 4/18 : WORKDIR /app
 ---> Using cache
 ---> a013fa743bbc
Step 5/18 : RUN apt-get update && apt-get install -y --no-install-recommends tini ca-certificates && rm -rf /var/lib/apt/lists/*  && groupadd --gid 10001 searx && useradd --uid 10001 --gid 10001 --no-create-home searx  && mkdir -p /var/lib/xtend-backend && chown 10001:10001 /var/lib/xtend-backend
 ---> Using cache
 ---> 13f9d734fc5f
Step 6/18 : COPY xtend/requirements.lock.txt /app/xtend/requirements.lock.txt
 ---> Using cache
 ---> d40d5f39813a
Step 7/18 : RUN pip install --no-cache-dir -r /app/xtend/requirements.lock.txt
 ---> Using cache
 ---> a576d801411e
Step 8/18 : COPY searx /app/searx
 ---> Using cache
 ---> dab9042fcc44
Step 9/18 : COPY xtend/server/backend.py xtend/server/backend-start.py xtend/server/favicon_backend.py /app/xtend/server/
 ---> e1c558eba1e9
Step 10/18 : COPY xtend/config/settings.control.yml xtend/config/settings.control.fixture.yml /app/xtend/config/
 ---> 8187a84815a6
Step 11/18 : COPY LICENSE /app/LICENSE
 ---> bceb5abd0743
Step 12/18 : RUN python -c 'from pathlib import Path; Path("searx/version_frozen.py").write_text("VERSION_STRING = \"2026.9.19+e831fc2a1+xtend-backend.0.4.0\"\nVERSION_TAG = \"2026.9.19+e831fc2a1\"\nDOCKER_TAG = \"xtend-search-backend-0.4.0\"\nGIT_URL = \"https://github.com/searxng/searxng\"\nGIT_BRANCH = \"xtend-search\"\n")'
 ---> Running in e61fc38a912c
 ---> Removed intermediate container e61fc38a912c
 ---> d789cfd7074d
Step 13/18 : ENV PYTHONDONTWRITEBYTECODE=1 PYTHONUNBUFFERED=1 SEARXNG_SETTINGS_PATH=/app/xtend/config/settings.control.yml
 ---> Running in 13e60bd56167
 ---> Removed intermediate container 13e60bd56167
 ---> ed208781aa43
Step 14/18 : USER 10001:10001
 ---> Running in cfec09f5ae6a
 ---> Removed intermediate container cfec09f5ae6a
 ---> 931e125d9b73
Step 15/18 : EXPOSE 8082
 ---> Running in c6a22ab345c6
 ---> Removed intermediate container c6a22ab345c6
 ---> 55c88768a6c8
Step 16/18 : HEALTHCHECK --interval=30s --timeout=5s --start-period=60s CMD python -c 'import urllib.request; urllib.request.urlopen("http://127.0.0.1:8082/healthz",timeout=3)'
 ---> Running in f899d2c527c5
 ---> Removed intermediate container f899d2c527c5
 ---> 4c5523a23f4c
Step 17/18 : ENTRYPOINT ["/usr/bin/tini","--"]
 ---> Running in fca62793eb53
 ---> Removed intermediate container fca62793eb53
 ---> d90659310d87
Step 18/18 : CMD ["python","xtend/server/backend-start.py"]
 ---> Running in 0be942cb8522
 ---> Removed intermediate container 0be942cb8522
 ---> 6395f9e351cb
Successfully built 6395f9e351cb
Successfully tagged xtend-search-searxng:0.4.0
