✔ Observatory streams are bounded per account and release slots on cancellation (18.388679ms)
✔ category and case-insensitive name filters compose and keep only matching selection (1.143924ms)
✔ empty filters never display an unrelated policy; reset is unfiltered (1.011032ms)
✔ refresh and mutation retain filters without passing UI parameters into the policy write (1.208595ms)
✔ favicon proofs carry only domains, reject edits and gracefully disable with older backends (30.09681ms)
✔ two resolver slots, domain coalescing and negative cache are independent of search (1.501348ms)
✔ favicon timeout ends independently after two seconds without retries (2001.014357ms)
✔ region-only SearXNG traits advertise language coverage without inventing unsupported languages (28.733524ms)
✔ locale fingerprint tracks added coverage; legacy approvals never silently bypass review (17.737342ms)
✔ German image search streams both reviewed sources and keeps provider protection, budgets and disabled sources intact (328.046994ms)
✔ reviewed defaults isolate unrelated providers while preserving sibling CAPTCHA restrictions (208.243271ms)
✔ shared-default repair retains origin protection, quotas and approvals; refuses ambiguous or active state (192.664025ms)
✔ unavailable search explains protection and unsupported filters without leaking admin state (161.692654ms)
✔ lexical query boundary rejects every upstream special parser prefix, preserves ordinary site syntax (0.852551ms)
✔ Retry-After accepts seconds and dates without shortening (0.277253ms)
✔ fresh catalog never auto-approves; policy changes preserve audit and revision (128.019011ms)
✔ roles and stale revisions reject without changing durable state (124.59505ms)
✔ idempotent commands create one revision and audit entry (120.174827ms)
✔ audit failure never confirms a mutation (108.324586ms)
✔ last budget token is reserved atomically across simultaneous requests (154.152224ms)
✔ engine selection honors every filter and changed capability fingerprints (127.683838ms)
✔ drain and provider deadlines are hard gates for manual probes (138.557787ms)
✔ backend failures do not label every provider unhealthy; empty results are not failures (164.443577ms)
✔ restart preserves quotas and policies, health becomes unknown (206.080986ms)
✔ event allowlist discards search contents, query hashes, IDs and arbitrary errors (0.355365ms)
✔ bounded telemetry reports drops while search state remains usable (114.349428ms)
✔ media addresses exclude local, private, mapped and metadata networks (7.866674ms)
✔ early engine batches, stable append, dedupe, signed paging and post-plan disable (1111.707901ms)
✔ an idempotency key cannot authorize a different command (132.261933ms)
✔ provider family cooldown blocks sibling engines and probes and survives restart (191.855626ms)
✔ technical quarantine recovery is audited and cannot shorten provider deadlines (160.542671ms)
✔ knowledge preserves one attributed entity, rejects ambiguity and never weakens filters (198.515616ms)
✔ knowledge rate-limit fallback cannot reuse the same quota domain (212.369972ms)
✔ no suitable sources and all-engine failures have honest terminal states (191.900347ms)
✔ client cancellation stops commits and retains dispatched cost and concurrency leases across restart (219.67684ms)
✔ corrupt storage is fail-closed and does not recreate approvals (29.415492ms)
✔ special IPv6 representations and transition ranges cannot bypass the media boundary (0.227273ms)
✔ a real SQLite audit insert failure rolls back policy and revision atomically (128.72796ms)
✔ SafeSearch exception is explicit, durable and audited, without relaxing other eligibility guards (167.774908ms)
✔ knowledge exception changes only its own dispatch, preserves native SafeSearch and discloses the exception in SSR and streaming (250.091204ms)
✔ duplicate web hits retain every contributing source across incremental frames without moving the row (321.56815ms)
✔ partial web success identifies failed sources and later provider exclusions without counting them as contributors (487.507425ms)
✔ reserved budget failures are not successes; source explanations never expose raw backend errors (176.676675ms)
✔ Wikipedia and Wikidata cannot consume web slots; knowledge remains separately and explicitly approved (311.825433ms)
✔ SSR defaults store only validated filters in an expiring host-only cookie (1.937233ms)
✔ explicit URL filters, including empty time range and SafeSearch off, override saved defaults (0.502066ms)
✔ invalid, unknown-version, oversized and deleted cookies fall back without breaking search (0.673018ms)
✔ home category links preserve explicitly cleared filters against saved preferences (0.376684ms)
✔ feedback claims resist forgery, attribute only actual contributors, deduplicate replay and keep URLs out of control state (157.354444ms)
✔ optional evidence is separate, encrypted, operator-only and expires after seven days (142.89151ms)
✔ reports create one review at five reports from three contexts; limit and atomic audit conflict protect actions (274.216623ms)
✔ conservative auto cooldown is opt-in, waits for a new full window, scopes capability and preserves hard guards (780.361984ms)
✔ automations cannot pause the last available capability or act on irrelevance; three confirmations propose permanent review (731.944235ms)
✔ a knowledge engine is never counted as the remaining web source (355.147124ms)
✔ OAuth authorization pins the full subdirectory and production callback; only secure HttpOnly cookies (2.135465ms)
✔ OAuth state is browser-bound and single-use (0.964201ms)
✔ OAuth uses authenticated OCS identity; session keeps neither access nor refresh tokens (4.436643ms)
✔ mismatched identities and accounts without explicit roles cannot sign in (1.587209ms)
✔ unencrypted public admin origins are refused; local testing remains possible (0.281223ms)
✔ adapter attests pinned backend, inactive plugins, and never treats discovery as health (1.862942ms)
✔ engine request contains only explicit reviewed fields, no categories, cookies, or browser engine_data (1.738291ms)
✔ HTTP200 provider errors, unsafe URLs and foreign attribution never become successful results (1.436258ms)
✔ backend 429 remains backend ingress scope and retains Retry-After (0.531577ms)
✔ media proxy refuses unsigned requests and signed internal targets before any network read (8.685295ms)
ℹ tests 64
ℹ suites 0
ℹ pass 64
ℹ fail 0
ℹ cancelled 0
ℹ skipped 0
ℹ todo 0
ℹ duration_ms 11847.110683
