{
  "schema": "xtend.test.report.v1",
  "status": "passed",
  "startedAt": "2026-09-30T18:57:48.445Z",
  "completedAt": "2026-09-30T18:57:51.258Z",
  "durationMs": 2813,
  "suiteCount": 1,
  "passedCount": 1,
  "failedCount": 0,
  "skippedCount": 0,
  "warningCount": 0,
  "suites": [
    {
      "id": "ssr-pages-browser",
      "label": "Node page browser lifecycle",
      "status": "passed",
      "exitCode": 0,
      "passCount": 29,
      "failureCount": 0,
      "skipCount": 0,
      "warningCount": 0,
      "failures": [],
      "skips": [],
      "warnings": []
    }
  ]
}
