✔ Observatory streams are bounded per account and release slots on cancellation (88.318704ms)
✔ category and case-insensitive name filters compose and keep only matching selection (2.188503ms)
✔ empty filters never display an unrelated policy; reset is unfiltered (1.553306ms)
✔ refresh and mutation retain filters without passing UI parameters into the policy write (1.626707ms)
✔ favicon proofs carry only domains, reject edits and gracefully disable with older backends (52.07717ms)
✔ two resolver slots, domain coalescing and negative cache are independent of search (3.369776ms)
✔ favicon timeout ends independently after two seconds without retries (2004.608546ms)
✔ region-only SearXNG traits advertise language coverage without inventing unsupported languages (60.271627ms)
✔ locale fingerprint tracks added coverage; legacy approvals never silently bypass review (51.519685ms)
✔ German image search streams both reviewed sources and keeps provider protection, budgets and disabled sources intact (423.66684ms)
✔ reviewed defaults isolate unrelated providers while preserving sibling CAPTCHA restrictions (344.391602ms)
✔ shared-default repair retains origin protection, quotas and approvals; refuses ambiguous or active state (266.279715ms)
✔ unavailable search explains protection and unsupported filters without leaking admin state (248.544758ms)
✔ lexical query boundary rejects every upstream special parser prefix, preserves ordinary site syntax (0.481565ms)
✔ Retry-After accepts seconds and dates without shortening (0.183182ms)
✔ fresh catalog never auto-approves; policy changes preserve audit and revision (145.008563ms)
✔ roles and stale revisions reject without changing durable state (189.350442ms)
✔ idempotent commands create one revision and audit entry (3495.600049ms)
✔ audit failure never confirms a mutation (2070.433938ms)
✔ last budget token is reserved atomically across simultaneous requests (1933.806852ms)
✔ engine selection honors every filter and changed capability fingerprints (191.344923ms)
✔ drain and provider deadlines are hard gates for manual probes (206.711375ms)
✔ backend failures do not label every provider unhealthy; empty results are not failures (208.934638ms)
✔ restart preserves quotas and policies, health becomes unknown (271.752062ms)
✔ event allowlist discards search contents, query hashes, IDs and arbitrary errors (0.291403ms)
✔ bounded telemetry reports drops while search state remains usable (195.216203ms)
✔ media addresses exclude local, private, mapped and metadata networks (6.59495ms)
✔ early engine batches, stable append, dedupe, signed paging and post-plan disable (1460.434696ms)
✔ an idempotency key cannot authorize a different command (2758.025638ms)
✔ provider family cooldown blocks sibling engines and probes and survives restart (514.076433ms)
✔ technical quarantine recovery is audited and cannot shorten provider deadlines (1569.169902ms)
✔ knowledge preserves one attributed entity, rejects ambiguity and never weakens filters (297.09801ms)
✔ knowledge rate-limit fallback cannot reuse the same quota domain (250.77316ms)
✔ no suitable sources and all-engine failures have honest terminal states (143.681808ms)
✔ client cancellation stops commits and retains dispatched cost and concurrency leases across restart (213.181523ms)
✔ corrupt storage is fail-closed and does not recreate approvals (33.362332ms)
✔ special IPv6 representations and transition ranges cannot bypass the media boundary (0.361124ms)
✔ a real SQLite audit insert failure rolls back policy and revision atomically (118.23498ms)
✔ SafeSearch exception is explicit, durable and audited, without relaxing other eligibility guards (158.774648ms)
✔ knowledge exception changes only its own dispatch, preserves native SafeSearch and discloses the exception in SSR and streaming (203.731112ms)
✔ duplicate web hits retain every contributing source across incremental frames without moving the row (284.129922ms)
✔ partial web success identifies failed sources and later provider exclusions without counting them as contributors (238.729743ms)
✔ reserved budget failures are not successes; source explanations never expose raw backend errors (144.84716ms)
✔ Wikipedia and Wikidata cannot consume web slots; knowledge remains separately and explicitly approved (350.339902ms)
✔ SSR defaults store only validated filters in an expiring host-only cookie (2.778419ms)
✔ explicit URL filters, including empty time range and SafeSearch off, override saved defaults (0.696867ms)
✔ invalid, unknown-version, oversized and deleted cookies fall back without breaking search (0.730768ms)
✔ home category links preserve explicitly cleared filters against saved preferences (0.615736ms)
✔ feedback claims resist forgery, attribute only actual contributors, deduplicate replay and keep URLs out of control state (346.520944ms)
✔ optional evidence is separate, encrypted, operator-only and expires after seven days (240.614924ms)
✔ reports create one review at five reports from three contexts; limit and atomic audit conflict protect actions (420.639978ms)
✔ conservative auto cooldown is opt-in, waits for a new full window, scopes capability and preserves hard guards (8599.250171ms)
✔ automations cannot pause the last available capability or act on irrelevance; three confirmations propose permanent review (1211.716568ms)
✔ a knowledge engine is never counted as the remaining web source (3479.813777ms)
✔ OAuth authorization pins the full subdirectory and production callback; only secure HttpOnly cookies (3.067282ms)
✔ OAuth state is browser-bound and single-use (1.388565ms)
✔ OAuth uses authenticated OCS identity; session keeps neither access nor refresh tokens (6.472499ms)
✔ mismatched identities and accounts without explicit roles cannot sign in (2.683098ms)
✔ unencrypted public admin origins are refused; local testing remains possible (0.391604ms)
✔ adapter attests pinned backend, inactive plugins, and never treats discovery as health (4.066663ms)
✔ engine request contains only explicit reviewed fields, no categories, cookies, or browser engine_data (3.304845ms)
✔ HTTP200 provider errors, unsafe URLs and foreign attribution never become successful results (2.687708ms)
✔ backend 429 remains backend ingress scope and retains Retry-After (0.759808ms)
✔ media proxy refuses unsigned requests and signed internal targets before any network read (7.792913ms)
✔ search SSR preserves type search, supplies x-section capability and ships no duplicate markup (137.306711ms)
ℹ tests 65
ℹ suites 0
ℹ pass 65
ℹ fail 0
ℹ cancelled 0
ℹ skipped 0
ℹ todo 0
ℹ duration_ms 18677.99413
