✔ Observatory streams are bounded per account and release slots on cancellation (18.467905ms)
✔ category and case-insensitive name filters compose and keep only matching selection (0.951882ms)
✔ empty filters never display an unrelated policy; reset is unfiltered (0.859171ms)
✔ refresh and mutation retain filters without passing UI parameters into the policy write (0.689879ms)
✔ lexical query boundary rejects every upstream special parser prefix, preserves ordinary site syntax (1.885374ms)
✔ Retry-After accepts seconds and dates without shortening (0.515047ms)
✔ fresh catalog never auto-approves; policy changes preserve audit and revision (104.810568ms)
✔ roles and stale revisions reject without changing durable state (79.323923ms)
✔ idempotent commands create one revision and audit entry (79.309903ms)
✔ audit failure never confirms a mutation (71.791117ms)
✔ last budget token is reserved atomically across simultaneous requests (98.72398ms)
✔ engine selection honors every filter and changed capability fingerprints (82.346841ms)
✔ drain and provider deadlines are hard gates for manual probes (91.595599ms)
✔ backend failures do not label every provider unhealthy; empty results are not failures (88.128935ms)
✔ restart preserves quotas and policies, health becomes unknown (143.624003ms)
✔ event allowlist discards search contents, query hashes, IDs and arbitrary errors (0.423425ms)
✔ bounded telemetry reports drops while search state remains usable (76.078361ms)
✔ media addresses exclude local, private, mapped and metadata networks (9.563442ms)
✔ early engine batches, stable append, dedupe, signed paging and post-plan disable (1089.155781ms)
✔ an idempotency key cannot authorize a different command (83.375515ms)
✔ provider family cooldown blocks sibling engines and probes and survives restart (148.616197ms)
✔ technical quarantine recovery is audited and cannot shorten provider deadlines (104.849649ms)
✔ knowledge preserves one attributed entity, rejects ambiguity and never weakens filters (127.454807ms)
✔ knowledge rate-limit fallback cannot reuse the same quota domain (156.764481ms)
✔ no suitable sources and all-engine failures have honest terminal states (114.39857ms)
✔ client cancellation stops commits and retains dispatched cost and concurrency leases across restart (147.28434ms)
✔ corrupt storage is fail-closed and does not recreate approvals (32.13257ms)
✔ special IPv6 representations and transition ranges cannot bypass the media boundary (0.293573ms)
✔ a real SQLite audit insert failure rolls back policy and revision atomically (82.802827ms)
✔ OAuth authorization pins the full subdirectory and production callback; only secure HttpOnly cookies (2.355939ms)
✔ OAuth state is browser-bound and single-use (1.300646ms)
✔ OAuth uses authenticated OCS identity; session keeps neither access nor refresh tokens (6.654555ms)
✔ mismatched identities and accounts without explicit roles cannot sign in (1.983005ms)
✔ unencrypted public admin origins are refused; local testing remains possible (0.425105ms)
✔ adapter attests pinned backend, inactive plugins, and never treats discovery as health (2.070167ms)
✔ engine request contains only explicit reviewed fields, no categories, cookies, or browser engine_data (2.045386ms)
✔ HTTP200 provider errors, unsafe URLs and foreign attribution never become successful results (1.55377ms)
✔ backend 429 remains backend ingress scope and retains Retry-After (0.590807ms)
✔ media proxy refuses unsigned requests and signed internal targets before any network read (6.528363ms)
ℹ tests 39
ℹ suites 0
ℹ pass 39
ℹ fail 0
ℹ cancelled 0
ℹ skipped 0
ℹ todo 0
ℹ duration_ms 3120.264964
