DEPRECATED: The legacy builder is deprecated and will be removed in a future release.
            Install the buildx component to build images with BuildKit:
            https://docs.docker.com/go/buildx/

Sending build context to Docker daemon  77.02MB
Step 1/23 : ARG NODE_IMAGE=node:24.19.0-bookworm-slim@sha256:a9f5f7c91a432850b2a8a7797adf5eadb6c733ceed61167806cee7ea7fbc29df
Step 2/23 : FROM ${NODE_IMAGE} AS build
 ---> 622f209f6c16
Step 3/23 : WORKDIR /app/xtend
 ---> Using cache
 ---> 338f5444acec
Step 4/23 : COPY xtend/package.json xtend/package-lock.json ./
 ---> Using cache
 ---> a6a4766d83e4
Step 5/23 : COPY xtend/vendor-inputs ./vendor-inputs
 ---> Using cache
 ---> b42312e9bc3d
Step 6/23 : RUN npm install -g npm@11.17.0 && npm ci --ignore-scripts
 ---> Using cache
 ---> 73ab9d6cb1a2
Step 7/23 : WORKDIR /app
 ---> Using cache
 ---> 4e3b68dcf642
Step 8/23 : COPY . .
 ---> a1934dca3e47
Step 9/23 : RUN tar --exclude=./xtend/node_modules --exclude=./source.tar.gz -czf /source.tar.gz .
 ---> Running in 01c2f6cf692e
 ---> Removed intermediate container 01c2f6cf692e
 ---> ddf58b9f28b8
Step 10/23 : WORKDIR /app/xtend
 ---> Running in 6934aae230cb
 ---> Removed intermediate container 6934aae230cb
 ---> 1809e1946511
Step 11/23 : RUN node scripts/build-control.cjs && npm prune --omit=dev --ignore-scripts
 ---> Running in 2bb1d4981fbf
{"ok":true,"summaries":[{"folder":"standalone","version":"8b1802d680978649fd5edf0cca1a78781acfe24578f7cc1a84d88036a05adc86","sourceSha256":"56bf7f08def48ea94ea142888e372d62181cc1f820f7efc9d95d3bc1a3e0a35b","services":"planned"},{"folder":"admin","version":"66d1c8aaa63c8433f6c5f29cbc3a6b6af6d9e05a6c8f5d081e6f46363cdbf53a","sourceSha256":"c32acde2fa57f85d81e883cad0dc180da40681d795156ec8276d7db961067bd3","services":"planned"}]}

removed 19 packages, and audited 2 packages in 7s

found 0 vulnerabilities
 ---> Removed intermediate container 2bb1d4981fbf
 ---> 90a436ebdfdc
Step 12/23 : FROM ${NODE_IMAGE}
 ---> 622f209f6c16
Step 13/23 : RUN apt-get update && apt-get install -y --no-install-recommends tini util-linux ca-certificates && rm -rf /var/lib/apt/lists/*  && groupadd --gid 10001 xtend && useradd --uid 10001 --gid 10001 --no-create-home xtend  && mkdir -p /var/lib/xtend-search && chown 10001:10001 /var/lib/xtend-search
 ---> Using cache
 ---> aca63473e4ff
Step 14/23 : WORKDIR /app
 ---> Using cache
 ---> 3f0a9454106e
Step 15/23 : COPY --from=build /app/xtend /app/xtend
 ---> 00f94863e5b8
Step 16/23 : COPY --from=build /source.tar.gz /app/source.tar.gz
 ---> 3873ae27faaf
Step 17/23 : COPY LICENSE /app/LICENSE
 ---> a08037e1db80
Step 18/23 : ENV BIND_HOST=0.0.0.0 PORT=8080 XTEND_SECRET_DIR=/var/lib/xtend-search/resume XTEND_DATA_DIR=/var/lib/xtend-search/control WEB_CONCURRENCY=1 XTEND_REPLICAS=1
 ---> Running in b06dc2090f69
 ---> Removed intermediate container b06dc2090f69
 ---> 1127e67f2b6d
Step 19/23 : USER 10001:10001
 ---> Running in 974bb4ac786d
 ---> Removed intermediate container 974bb4ac786d
 ---> 9c0a68e44f85
Step 20/23 : EXPOSE 8080
 ---> Running in 7726312ba9b5
 ---> Removed intermediate container 7726312ba9b5
 ---> 049b320c1b36
Step 21/23 : HEALTHCHECK --interval=30s --timeout=5s --start-period=30s CMD node -e 'fetch("http://127.0.0.1:8080/health/ready").then(r=>process.exit(r.ok?0:1)).catch(()=>process.exit(1))'
 ---> Running in e88de66c609f
 ---> Removed intermediate container e88de66c609f
 ---> d04a34ea76b1
Step 22/23 : ENTRYPOINT ["/usr/bin/tini","--"]
 ---> Running in 2f0757911ece
 ---> Removed intermediate container 2f0757911ece
 ---> e22a85bd58eb
Step 23/23 : CMD ["sh","-c","flock -n /var/lib/xtend-search/owner.lock sh -c 'node xtend/scripts/keys.mjs && exec node xtend/server/standalone.mjs'"]
 ---> Running in c77cefcc9633
 ---> Removed intermediate container c77cefcc9633
 ---> 2076769f1ee1
Successfully built 2076769f1ee1
Successfully tagged xtend-search:0.3.0
