✔ Observatory streams are bounded per account and release slots on cancellation (24.536065ms)
✔ category and case-insensitive name filters compose and keep only matching selection (1.358397ms)
✔ empty filters never display an unrelated policy; reset is unfiltered (1.146003ms)
✔ refresh and mutation retain filters without passing UI parameters into the policy write (1.035173ms)
✔ reviewed defaults isolate unrelated providers while preserving sibling CAPTCHA restrictions (150.66837ms)
✔ shared-default repair retains origin protection, quotas and approvals; refuses ambiguous or active state (124.520416ms)
✔ unavailable search explains protection and unsupported filters without leaking admin state (112.519591ms)
✔ lexical query boundary rejects every upstream special parser prefix, preserves ordinary site syntax (0.609957ms)
✔ Retry-After accepts seconds and dates without shortening (0.205703ms)
✔ fresh catalog never auto-approves; policy changes preserve audit and revision (97.030596ms)
✔ roles and stale revisions reject without changing durable state (89.470185ms)
✔ idempotent commands create one revision and audit entry (79.979011ms)
✔ audit failure never confirms a mutation (74.510894ms)
✔ last budget token is reserved atomically across simultaneous requests (102.060306ms)
✔ engine selection honors every filter and changed capability fingerprints (82.237618ms)
✔ drain and provider deadlines are hard gates for manual probes (94.554066ms)
✔ backend failures do not label every provider unhealthy; empty results are not failures (83.356221ms)
✔ restart preserves quotas and policies, health becomes unknown (138.964279ms)
✔ event allowlist discards search contents, query hashes, IDs and arbitrary errors (0.542267ms)
✔ bounded telemetry reports drops while search state remains usable (69.459014ms)
✔ media addresses exclude local, private, mapped and metadata networks (6.288235ms)
✔ early engine batches, stable append, dedupe, signed paging and post-plan disable (1067.398351ms)
✔ an idempotency key cannot authorize a different command (75.553597ms)
✔ provider family cooldown blocks sibling engines and probes and survives restart (149.03993ms)
✔ technical quarantine recovery is audited and cannot shorten provider deadlines (103.491933ms)
✔ knowledge preserves one attributed entity, rejects ambiguity and never weakens filters (116.54704ms)
✔ knowledge rate-limit fallback cannot reuse the same quota domain (132.618553ms)
✔ no suitable sources and all-engine failures have honest terminal states (98.546183ms)
✔ client cancellation stops commits and retains dispatched cost and concurrency leases across restart (157.735664ms)
✔ corrupt storage is fail-closed and does not recreate approvals (33.272609ms)
✔ special IPv6 representations and transition ranges cannot bypass the media boundary (0.267373ms)
✔ a real SQLite audit insert failure rolls back policy and revision atomically (80.962252ms)
✔ OAuth authorization pins the full subdirectory and production callback; only secure HttpOnly cookies (1.961574ms)
✔ OAuth state is browser-bound and single-use (0.89023ms)
✔ OAuth uses authenticated OCS identity; session keeps neither access nor refresh tokens (7.704843ms)
✔ mismatched identities and accounts without explicit roles cannot sign in (1.734891ms)
✔ unencrypted public admin origins are refused; local testing remains possible (0.263773ms)
✔ adapter attests pinned backend, inactive plugins, and never treats discovery as health (5.070301ms)
✔ engine request contains only explicit reviewed fields, no categories, cookies, or browser engine_data (2.179217ms)
✔ HTTP200 provider errors, unsafe URLs and foreign attribution never become successful results (2.744663ms)
✔ backend 429 remains backend ingress scope and retains Retry-After (0.85707ms)
✔ media proxy refuses unsigned requests and signed internal targets before any network read (7.660112ms)
ℹ tests 42
ℹ suites 0
ℹ pass 42
ℹ fail 0
ℹ cancelled 0
ℹ skipped 0
ℹ todo 0
ℹ duration_ms 3446.968212
