{
  "version": "0.3.3",
  "tag": "xtend-search:0.3.3",
  "id": "sha256:6816700ba420ee04509e82a7a22d8efc4e40c2822505d7a86e3cad694c6395e1",
  "platform": "linux/amd64",
  "sourceHashes": {
    "version": "0.3.3",
    "files": {
      "shared/about.mjs": "fb86018b9d96d599616524c43d4750c6999b70811fb452e6acc28caedfee9bd0",
      "server/about.mjs": "161777c139b95cc92a49cc0959adaa78a9ccd9ae7a80befffaba79e86aed14ab",
      "frontend/about.mjs": "c5a9f7fd04762237b7e06513a4a260bac813db7148f9deeb53d194d4967cb0c3",
      "frontend/about-dialog.mjs": "f367a327c75a9db24af840bc097f55d63858a35869cb2a301eff75e829443c50",
      "frontend/about.css": "af69f380c1b2c98a2d572d587ddb4a375c11d59943c680909db009b589427bad",
      "frontend/favicon.png": "990e6de36273e8f887c8aab67b17f16f82adfac59091df6e3989d02009b1b05a",
      "frontend/mark.svg": "42ca4d8d450664607e7224146d6eef2bc78caa450a971d364bcc1558dd0a40bb",
      "scripts/build-control.cjs": "0a826fc7a3183e19cdbc71f8c9a0d6945d781ffecabd9a3b4b3f07b9204d5b34",
      "admin/admin.css": "0336bfdf59785d2ba0a0d56fa368a6e83056a780e99bfab3634ae261602de87f",
      "admin/admin.rmt": "648acb13042c0c473bd8aebad04858cdcdde4c2fefe09183346776512122ae5e",
      "frontend/standalone.rmt": "c8b39514910ec181b0ae6a76599f7095fe114657e799757f04d6955354f133a4",
      "frontend/standalone.css": "2329614900abd77ca4e6e690eb404cb44e2b87db1632a60201fb1dde4224318c",
      "frontend/standalone-host.mjs": "c718ef8cded7eefd4a79da615b8f6964bc0b39eb2444888c0e6d96e2227ab39a",
      "frontend/preferences.mjs": "f32ae1feae9efe508d5ebd3fb7ab149417293077170e2ee679f5d73e63b56712",
      "server/preferences.mjs": "ef793692bf73c0cea5908d04ec1e77148208ca1d1f70a62eed6923501bcccfcf",
      "server/standalone.mjs": "bb49d18accc299f9d932f78f418af085885093dcec259396f1feafdecad3fe75",
      "server/control/plane.mjs": "51d2f68e606eb1aae67127c0579f9a6665ebb4b86fd5b763a0f8f8357ebac4b4",
      "server/control/executor.mjs": "124b010c30ecb186775c33dbf627e8e6cb37dd5a4e69bbd71eca75923f95b493",
      "server/control/admin.mjs": "a8a030fa52b8314dc31bcf8fb975c7f230aa46e5a38582c7a3a60a84e652fed5",
      "server/control/release.mjs": "fade3b276bcacde55b57a5e6856aef395accf164ea266533ab311e08da00b817",
      "standalone.pages.json": "1eb88c51bd04f17c81dd8731e772440953c251243928416dec0a06793e57ec3e"
    },
    "bundles": {
      "admin/admin.css": "739780c089ca314e9d13a5784b448362f0888c257cb940bb7b6301640db632e2",
      "standalone/search.css": "fdc290a4637a60469fb0a9c4359edace4e58483550c9624727b50caef1440bc7",
      "standalone/page.mjs": "08f1b894f7f982e32a57cdd9a1944fe3cfb43f8b86b753f2f8088e7b7d92a5d0"
    }
  },
  "archive": "XTend-search-Docker-Image-0.3.3-linux-amd64.tar.gz",
  "bytes": 261248704
}
