✔ Observatory streams are bounded per account and release slots on cancellation (24.51097ms)
✔ category and case-insensitive name filters compose and keep only matching selection (1.100789ms)
✔ empty filters never display an unrelated policy; reset is unfiltered (1.19601ms)
✔ refresh and mutation retain filters without passing UI parameters into the policy write (0.901225ms)
✔ region-only SearXNG traits advertise language coverage without inventing unsupported languages (37.849768ms)
✔ locale fingerprint tracks added coverage; legacy approvals never silently bypass review (23.296589ms)
✔ German image search streams both reviewed sources and keeps provider protection, budgets and disabled sources intact (289.522177ms)
✔ reviewed defaults isolate unrelated providers while preserving sibling CAPTCHA restrictions (172.810069ms)
✔ shared-default repair retains origin protection, quotas and approvals; refuses ambiguous or active state (158.23698ms)
✔ unavailable search explains protection and unsupported filters without leaking admin state (115.406176ms)
✔ lexical query boundary rejects every upstream special parser prefix, preserves ordinary site syntax (0.688882ms)
✔ Retry-After accepts seconds and dates without shortening (0.204773ms)
✔ fresh catalog never auto-approves; policy changes preserve audit and revision (88.18377ms)
✔ roles and stale revisions reject without changing durable state (86.397709ms)
✔ idempotent commands create one revision and audit entry (78.559864ms)
✔ audit failure never confirms a mutation (76.025181ms)
✔ last budget token is reserved atomically across simultaneous requests (104.587599ms)
✔ engine selection honors every filter and changed capability fingerprints (93.616682ms)
✔ drain and provider deadlines are hard gates for manual probes (92.434222ms)
✔ backend failures do not label every provider unhealthy; empty results are not failures (85.523033ms)
✔ restart preserves quotas and policies, health becomes unknown (169.503591ms)
✔ event allowlist discards search contents, query hashes, IDs and arbitrary errors (0.569ms)
✔ bounded telemetry reports drops while search state remains usable (73.186652ms)
✔ media addresses exclude local, private, mapped and metadata networks (8.850342ms)
✔ early engine batches, stable append, dedupe, signed paging and post-plan disable (1066.785187ms)
✔ an idempotency key cannot authorize a different command (81.164188ms)
✔ provider family cooldown blocks sibling engines and probes and survives restart (156.397934ms)
✔ technical quarantine recovery is audited and cannot shorten provider deadlines (99.538102ms)
✔ knowledge preserves one attributed entity, rejects ambiguity and never weakens filters (116.440181ms)
✔ knowledge rate-limit fallback cannot reuse the same quota domain (139.104788ms)
✔ no suitable sources and all-engine failures have honest terminal states (98.954772ms)
✔ client cancellation stops commits and retains dispatched cost and concurrency leases across restart (148.653442ms)
✔ corrupt storage is fail-closed and does not recreate approvals (35.903354ms)
✔ special IPv6 representations and transition ranges cannot bypass the media boundary (0.285785ms)
✔ a real SQLite audit insert failure rolls back policy and revision atomically (79.128953ms)
✔ SafeSearch exception is explicit, durable and audited, without relaxing other eligibility guards (120.52008ms)
✔ knowledge exception changes only its own dispatch, preserves native SafeSearch and discloses the exception in SSR and streaming (164.815086ms)
✔ duplicate web hits retain every contributing source across incremental frames without moving the row (223.387377ms)
✔ partial web success identifies failed sources and later provider exclusions without counting them as contributors (172.838503ms)
✔ reserved budget failures are not successes; source explanations never expose raw backend errors (96.845695ms)
✔ Wikipedia and Wikidata cannot consume web slots; knowledge remains separately and explicitly approved (238.22905ms)
✔ SSR defaults store only validated filters in an expiring host-only cookie (2.784928ms)
✔ explicit URL filters, including empty time range and SafeSearch off, override saved defaults (0.716002ms)
✔ invalid, unknown-version, oversized and deleted cookies fall back without breaking search (0.520429ms)
✔ home category links preserve explicitly cleared filters against saved preferences (0.513369ms)
✔ OAuth authorization pins the full subdirectory and production callback; only secure HttpOnly cookies (2.33415ms)
✔ OAuth state is browser-bound and single-use (1.263312ms)
✔ OAuth uses authenticated OCS identity; session keeps neither access nor refresh tokens (6.498972ms)
✔ mismatched identities and accounts without explicit roles cannot sign in (3.123243ms)
✔ unencrypted public admin origins are refused; local testing remains possible (0.285275ms)
✔ adapter attests pinned backend, inactive plugins, and never treats discovery as health (2.613684ms)
✔ engine request contains only explicit reviewed fields, no categories, cookies, or browser engine_data (2.102926ms)
✔ HTTP200 provider errors, unsafe URLs and foreign attribution never become successful results (1.77186ms)
✔ backend 429 remains backend ingress scope and retains Retry-After (0.650771ms)
✔ media proxy refuses unsigned requests and signed internal targets before any network read (6.895319ms)
ℹ tests 55
ℹ suites 0
ℹ pass 55
ℹ fail 0
ℹ cancelled 0
ℹ skipped 0
ℹ todo 0
ℹ duration_ms 4575.279622
