{
  "version": "0.4.0",
  "tag": "xtend-search:0.4.0",
  "id": "sha256:32fbd3fd8429d4ec494f7b32c4f2bae6740066d967f2765f942cb276d23034e8",
  "platform": "linux/amd64",
  "sourceHashes": {
    "version": "0.4.0",
    "files": {
      "frontend/preview.mjs": "3a11c99c74c9d7b10e36d12eed6ee2c78551cadb40dc30a17450d82b6b2aa7aa",
      "server/control/quality.mjs": "7b6f42fbca5b1808dbeea222b9054bb52cb4f41748fdd3ab54a741d9b480848b",
      "server/control/evidence.mjs": "5f022df7f4fa31eb549420e67ebbd25f62a90dd863c8b44a8e314f72ef92dd4a",
      "server/control/favicons.mjs": "39b0a03b63dc5e860e200e266e3412b33d0b7a2969cd31ed3f166997a18bcca5",
      "server/control/dashboard.mjs": "60591a68a15482a598fd9806015f2a292f31f8908673b035e07cc311c4227faa",
      "server/control/composition.mjs": "08ba04de39025c26afbc59faaa26712044e66732c811f47216cb8d337a4abe15",
      "server/control/storage-worker.mjs": "58c6708055d13f0a5f7b8a5ff1b116ca63f81895bbf201895a6643a719b45532",
      "server/control/feedback-http.mjs": "6467a70bc95f0360d3ec82ccc8b0e27a29d8a3b7acbb9a5e2093fce0b8853101",
      "server/control/server-services.ts": "1d8ab5a06f9bd15acbe9f1e568ad160754166f88f107754afe72fc42fea9c016",
      "frontend/services.ts": "5141a58b6a65492349430d37418449fdfd38d8f96e65c68b3a3e64657ad1821d",
      "admin/services.ts": "b14f78b70d225dc492e4b6d0784c51e1fdcaa84829aee363702fe9d52a8e09ef",
      "admin/live.mjs": "7cf9a4a70fe6a461c9f00df4ef253b01b2169912ca03df641541225772b51134",
      "frontend/feedback.mjs": "e31d77d40f83184622f601d02c30f1ea2f08b04e46179f70ffd5d4a3c2680a2b",
      "frontend/favicons.mjs": "734752de5b882350dfe9036cbaed81d58ddf927323e9d91ba41c759bbb8db0d5",
      "shared/feedback.mjs": "a786aa4c868ca2f4ebaec2a5311cbe017fb012fdff257ed47b17d93a48f3af8e",
      "shared/feedback-form.mjs": "cd57f7da93875422ce7134cd8bce9ae02716328f641ba79e5aea7e6a172da0da",
      "server/control/source-messages.mjs": "799e23b85bedddc8b2c9dc710a1a8fd55869a54b9ae8069390d1149c3831ac2d",
      "server/control/executor.mjs": "d2101ba8dcd03a1047343d6931757fbdb4388782f24662d1cc8a88fbe52eba90",
      "server/control/adapter.mjs": "3dfbc5d35eb8dec1d12f97c0eb352efc48157f9b37019aa1824174629218f2cf",
      "server/control/locales.mjs": "b9db94813c19d21a837e9ef5eb10ba1df9d4f00d7df0e5f2a047cb4270bb5732",
      "scripts/repair-locale-catalog.mjs": "fc089651176bedf08b975b89b31aa3f7bdf5eac0bc38534b6782416dbb55801e",
      "shared/about.mjs": "6713fa6e0495eca12ea9f1fe447060bbb5e0a51e6ecdccf41f225efa8c0aa3fa",
      "server/about.mjs": "161777c139b95cc92a49cc0959adaa78a9ccd9ae7a80befffaba79e86aed14ab",
      "frontend/about.mjs": "c5a9f7fd04762237b7e06513a4a260bac813db7148f9deeb53d194d4967cb0c3",
      "frontend/about-dialog.mjs": "f367a327c75a9db24af840bc097f55d63858a35869cb2a301eff75e829443c50",
      "frontend/about.css": "af69f380c1b2c98a2d572d587ddb4a375c11d59943c680909db009b589427bad",
      "frontend/favicon.png": "990e6de36273e8f887c8aab67b17f16f82adfac59091df6e3989d02009b1b05a",
      "frontend/mark.svg": "42ca4d8d450664607e7224146d6eef2bc78caa450a971d364bcc1558dd0a40bb",
      "scripts/build-control.cjs": "5c78e0cfd1ef1d9c91b080babcb36dba131e6da459585b9bccf893fc02dfdea1",
      "admin/admin.css": "900903906c9feadc707ccff515b3d793382e5cd5438a7ffea50d707a714d0cae",
      "admin/admin.rmt": "b850fbdb49e00d16a9ebde1d28dc73fd7cf32dbdd8fe09e635503ea6505632e7",
      "frontend/standalone.rmt": "105b205f697743d15c3b72960356ff427ddab5e5f4ed64aeb2a56e1ac3fb1083",
      "frontend/standalone.css": "78c3879d56742b7271ec5e877cc6f465c37ada5e1dfb1a675db0ea4492ae33e5",
      "frontend/standalone-host.mjs": "841771d8819e3909106147b1bf71fb6a59daf7dabe12f649c2ec6fb5294a0b22",
      "frontend/preferences.mjs": "f32ae1feae9efe508d5ebd3fb7ab149417293077170e2ee679f5d73e63b56712",
      "server/preferences.mjs": "ef793692bf73c0cea5908d04ec1e77148208ca1d1f70a62eed6923501bcccfcf",
      "server/standalone.mjs": "a7631d4b0b41db70f371240698579b8e29e33a9ffe4d090fd9d07bb3f9c90f1f",
      "server/control/plane.mjs": "4f7c055a3facdcf71221c32f6ad8ce86bd5e1a0fbf82f6d8d49b47b3270d2b27",
      "server/control/admin.mjs": "fd0b35d09f5d99721df798b81e0770c804c2ca9f857b53fb698bd1da3207e8a3",
      "server/control/release.mjs": "8fddf13ac3cb7a95d27477d22a3f1f6c78fa2a5a777d1b01dce8be569e6ff5f6",
      "standalone.pages.json": "1eb88c51bd04f17c81dd8731e772440953c251243928416dec0a06793e57ec3e"
    },
    "bundles": {
      "admin/admin.css": "ddcb28dc017e49344a6509cd761bd84d230153321f6b5fedb84ed13ced13f743",
      "standalone/search.css": "b33572a817ec4448f9533a5f2e749a80263edd92eb06f1f4b71b2ac543539c52",
      "standalone/page.mjs": "7fffe5a11b0a370565b91f1d16adba47177ff04f1697d3a1446ca349a66c310e"
    }
  },
  "archive": "XTend-search-Docker-Image-0.4.0-linux-amd64.tar.gz",
  "bytes": 261513909
}
