 Network xtend040-smoke_retrieval Creating 
 Network xtend040-smoke_retrieval Creating 
 Volume xtend040-smoke-control Creating 
 Volume xtend040-smoke-control Creating 
 Volume xtend040-smoke-backend Creating 
 Volume xtend040-smoke-backend Creating 
 Volume xtend040-smoke-evidence Creating 
 Volume xtend040-smoke-evidence Creating 
 Volume xtend040-smoke-control Created 
 Volume xtend040-smoke-control Created 
 Volume xtend040-smoke-backend Created 
 Volume xtend040-smoke-backend Created 
 Volume xtend040-smoke-evidence Created 
 Volume xtend040-smoke-evidence Created 
 Network xtend040-smoke_retrieval Created 
 Network xtend040-smoke_retrieval Created 
 Container xtend040-smoke-searxng-1 Creating 
 Container xtend040-smoke-searxng-1 Created 
 Container xtend040-smoke-search-1 Creating 
 Container xtend040-smoke-search-1 Created 
 Container xtend040-smoke-searxng-1 Starting 
 Container xtend040-smoke-searxng-1 Started 
 Container xtend040-smoke-searxng-1 Waiting 
 Container xtend040-smoke-searxng-1 Healthy 
 Container xtend040-smoke-search-1 Starting 
 Container xtend040-smoke-search-1 Started 
 Container xtend040-smoke-searxng-1 Waiting 
 Container xtend040-smoke-search-1 Waiting 
 Container xtend040-smoke-searxng-1 Healthy 
 Container xtend040-smoke-search-1 Healthy 
 Container xtend040-smoke-search-1 Recreate 
 Container xtend040-smoke-search-1 Recreated 
 Container xtend040-smoke-search-1 Starting 
 Container xtend040-smoke-search-1 Started 
 Container xtend040-smoke-search-1 Waiting 
 Container xtend040-smoke-search-1 Healthy 
 Container xtend040-smoke-search-1 Stopping 
 Container xtend040-smoke-search-1 Stopped 
 Container xtend040-smoke-search-1 Removing 
 Container xtend040-smoke-search-1 Removed 
 Container xtend040-smoke-searxng-1 Stopping 
 Container xtend040-smoke-searxng-1 Stopped 
 Container xtend040-smoke-searxng-1 Removing 
 Container xtend040-smoke-searxng-1 Removed 
 Volume xtend040-smoke-evidence Removing 
 Volume xtend040-smoke-control Removing 
 Network xtend040-smoke_retrieval Removing 
 Volume xtend040-smoke-backend Removing 
 Volume xtend040-smoke-evidence Removed 
 Volume xtend040-smoke-control Removed 
 Volume xtend040-smoke-backend Removed 
 Network xtend040-smoke_retrieval Removed 
{"version": "0.4.0", "project": "xtend040-smoke", "checks": ["Compose accepts filled variables and rejects empty required variables.", "Frontend 0.4.0 and backend 0.4.0 healthy; literal punctuation and roles preserved; only loopback frontend port published; storage uses named volumes.", "Nextcloud redirect is configured correctly, verified without contacting Nextcloud.", "Recreation retains public signing-key fingerprint and database; no live provider approval or search performed."], "ok": true, "health": {"ok": true, "version": "0.4.0", "storage": "ready", "retrieval": "compatible"}, "imageIds": {"search": "sha256:32fbd3fd8429d4ec494f7b32c4f2bae6740066d967f2765f942cb276d23034e8", "searxng": "sha256:6395f9e351cbb2061582dc06d419e0420368a3a180521d52515f52383107f372"}, "composeSha256": "33021bf05dc102113a7105ad5cc2ed489d799384781b14848239107a4560c8ba", "testResourcesRemoved": true}
