✔ Observatory streams are bounded per account and release slots on cancellation (19.490399ms)
✔ category and case-insensitive name filters compose and keep only matching selection (0.86643ms)
✔ empty filters never display an unrelated policy; reset is unfiltered (0.829809ms)
✔ refresh and mutation retain filters without passing UI parameters into the policy write (0.84762ms)
✔ reviewed defaults isolate unrelated providers while preserving sibling CAPTCHA restrictions (134.381823ms)
✔ shared-default repair retains origin protection, quotas and approvals; refuses ambiguous or active state (123.08919ms)
✔ unavailable search explains protection and unsupported filters without leaking admin state (108.343296ms)
✔ lexical query boundary rejects every upstream special parser prefix, preserves ordinary site syntax (0.850971ms)
✔ Retry-After accepts seconds and dates without shortening (0.287424ms)
✔ fresh catalog never auto-approves; policy changes preserve audit and revision (87.369749ms)
✔ roles and stale revisions reject without changing durable state (76.377579ms)
✔ idempotent commands create one revision and audit entry (83.139329ms)
✔ audit failure never confirms a mutation (71.639144ms)
✔ last budget token is reserved atomically across simultaneous requests (100.438533ms)
✔ engine selection honors every filter and changed capability fingerprints (85.502547ms)
✔ drain and provider deadlines are hard gates for manual probes (98.027685ms)
✔ backend failures do not label every provider unhealthy; empty results are not failures (88.112808ms)
✔ restart preserves quotas and policies, health becomes unknown (139.473513ms)
✔ event allowlist discards search contents, query hashes, IDs and arbitrary errors (0.477875ms)
✔ bounded telemetry reports drops while search state remains usable (72.771627ms)
✔ media addresses exclude local, private, mapped and metadata networks (9.29167ms)
✔ early engine batches, stable append, dedupe, signed paging and post-plan disable (1063.150943ms)
✔ an idempotency key cannot authorize a different command (79.362264ms)
✔ provider family cooldown blocks sibling engines and probes and survives restart (152.256343ms)
✔ technical quarantine recovery is audited and cannot shorten provider deadlines (100.567755ms)
✔ knowledge preserves one attributed entity, rejects ambiguity and never weakens filters (114.528009ms)
✔ knowledge rate-limit fallback cannot reuse the same quota domain (139.002307ms)
✔ no suitable sources and all-engine failures have honest terminal states (93.777805ms)
✔ client cancellation stops commits and retains dispatched cost and concurrency leases across restart (144.054317ms)
✔ corrupt storage is fail-closed and does not recreate approvals (33.391214ms)
✔ special IPv6 representations and transition ranges cannot bypass the media boundary (0.479645ms)
✔ a real SQLite audit insert failure rolls back policy and revision atomically (75.952735ms)
✔ SafeSearch exception is explicit, durable and audited, without relaxing other eligibility guards (115.658352ms)
✔ knowledge exception changes only its own dispatch, preserves native SafeSearch and discloses the exception in SSR and streaming (169.241004ms)
✔ SSR defaults store only validated filters in an expiring host-only cookie (2.399678ms)
✔ explicit URL filters, including empty time range and SafeSearch off, override saved defaults (0.612747ms)
✔ invalid, unknown-version, oversized and deleted cookies fall back without breaking search (0.502046ms)
✔ home category links preserve explicitly cleared filters against saved preferences (0.455715ms)
✔ OAuth authorization pins the full subdirectory and production callback; only secure HttpOnly cookies (1.932642ms)
✔ OAuth state is browser-bound and single-use (0.969042ms)
✔ OAuth uses authenticated OCS identity; session keeps neither access nor refresh tokens (4.046228ms)
✔ mismatched identities and accounts without explicit roles cannot sign in (1.517078ms)
✔ unencrypted public admin origins are refused; local testing remains possible (0.351114ms)
✔ adapter attests pinned backend, inactive plugins, and never treats discovery as health (1.886122ms)
✔ engine request contains only explicit reviewed fields, no categories, cookies, or browser engine_data (1.69569ms)
✔ HTTP200 provider errors, unsafe URLs and foreign attribution never become successful results (1.309425ms)
✔ backend 429 remains backend ingress scope and retains Retry-After (0.628817ms)
✔ media proxy refuses unsigned requests and signed internal targets before any network read (5.565435ms)
ℹ tests 48
ℹ suites 0
ℹ pass 48
ℹ fail 0
ℹ cancelled 0
ℹ skipped 0
ℹ todo 0
ℹ duration_ms 3675.899917
