 Container xtend-search-control-search-run-9dad9843d639 Creating 
 Container xtend-search-control-search-run-9dad9843d639 Created 
{
  "mode": "apply",
  "revision": 27,
  "changes": [
    {
      "id": "brave",
      "languages": [
        "ar-SA",
        "da-DK",
        "de-AT",
        "de-BE",
        "de-CH",
        "de-DE",
        "en-AU",
        "en-CA",
        "en-GB",
        "en-HK",
        "en-IN",
        "en-NZ",
        "en-PH",
        "en-US",
        "en-ZA",
        "es-AR",
        "es-CL",
        "es-ES",
        "es-MX",
        "fi-FI",
        "fil-PH",
        "fr-BE",
        "fr-CA",
        "fr-CH",
        "fr-FR",
        "gsw-CH",
        "hi-IN",
        "id-ID",
        "it-CH",
        "it-IT",
        "ja-JP",
        "ko-KR",
        "mi-NZ",
        "ms-MY",
        "nb-NO",
        "nl-BE",
        "nl-NL",
        "nn-NO",
        "pl-PL",
        "pt-BR",
        "pt-PT",
        "ru-RU",
        "sv-FI",
        "sv-SE",
        "tr-TR",
        "zh-CN",
        "zh-HK",
        "zh-TW"
      ]
    },
    {
      "id": "bing",
      "languages": [
        "am-ET",
        "ar-AE",
        "ar-BH",
        "ar-DJ",
        "ar-DZ",
        "ar-EG",
        "ar-ER",
        "ar-IL",
        "ar-IQ",
        "ar-JO",
        "ar-KM",
        "ar-KW",
        "ar-LB",
        "ar-LY",
        "ar-MA",
        "ar-MR",
        "ar-OM",
        "ar-PS",
        "ar-QA",
        "ar-SA",
        "ar-SD",
        "ar-SO",
        "ar-SY",
        "ar-TD",
        "ar-TN",
        "ar-YE",
        "az-AZ",
        "be-BY",
        "bg-BG",
        "bn-BD",
        "bs-BA",
        "ca-AD",
        "cs-CZ",
        "da-DK",
        "de-AT",
        "de-BE",
        "de-CH",
        "de-DE",
        "de-LI",
        "de-LU",
        "dv-MV",
        "dz-BT",
        "el-CY",
        "el-GR",
        "en-AG",
        "en-AI",
        "en-AS",
        "en-AU",
        "en-BB",
        "en-BI",
        "en-BM",
        "en-BS",
        "en-BW",
        "en-BZ",
        "en-CA",
        "en-CC",
        "en-CK",
        "en-CM",
        "en-CX",
        "en-DM",
        "en-ER",
        "en-FJ",
        "en-FK",
        "en-FM",
        "en-GB",
        "en-GD",
        "en-GG",
        "en-GH",
        "en-GI",
        "en-GM",
        "en-GU",
        "en-GY",
        "en-HK",
        "en-IE",
        "en-IN",
        "en-JE",
        "en-JM",
        "en-KE",
        "en-KI",
        "en-KN",
        "en-KY",
        "en-LC",
        "en-LR",
        "en-LS",
        "en-MG",
        "en-MH",
        "en-MP",
        "en-MS",
        "en-MT",
        "en-MU",
        "en-MW",
        "en-NA",
        "en-NF",
        "en-NG",
        "en-NR",
        "en-NU",
        "en-NZ",
        "en-PG",
        "en-PH",
        "en-PK",
        "en-PN",
        "en-PR",
        "en-PW",
        "en-RW",
        "en-SB",
        "en-SC",
        "en-SD",
        "en-SG",
        "en-SH",
        "en-SL",
        "en-SS",
        "en-SX",
        "en-SZ",
        "en-TC",
        "en-TK",
        "en-TO",
        "en-TT",
        "en-TV",
        "en-TZ",
        "en-UG",
        "en-US",
        "en-VC",
        "en-VG",
        "en-VI",
        "en-VU",
        "en-WS",
        "en-ZA",
        "en-ZM",
        "en-ZW",
        "es-AR",
        "es-BO",
        "es-CL",
        "es-CO",
        "es-CR",
        "es-DO",
        "es-EC",
        "es-ES",
        "es-GQ",
        "es-GT",
        "es-HN",
        "es-MX",
        "es-NI",
        "es-PA",
        "es-PE",
        "es-PR",
        "es-PY",
        "es-SV",
        "es-UY",
        "es-VE",
        "et-EE",
        "fa-AF",
        "fa-IR",
        "fi-FI",
        "fil-PH",
        "fo-FO",
        "fr-BE",
        "fr-BF",
        "fr-BI",
        "fr-BJ",
        "fr-BL",
        "fr-CA",
        "fr-CD",
        "fr-CF",
        "fr-CG",
        "fr-CH",
        "fr-CI",
        "fr-CM",
        "fr-DJ",
        "fr-DZ",
        "fr-FR",
        "fr-GA",
        "fr-GF",
        "fr-GN",
        "fr-GP",
        "fr-GQ",
        "fr-HT",
        "fr-KM",
        "fr-LU",
        "fr-MA",
        "fr-MC",
        "fr-MF",
        "fr-MG",
        "fr-ML",
        "fr-MQ",
        "fr-MU",
        "fr-NC",
        "fr-NE",
        "fr-PF",
        "fr-PM",
        "fr-RE",
        "fr-RW",
        "fr-SC",
        "fr-SN",
        "fr-TD",
        "fr-TG",
        "fr-TN",
        "fr-VU",
        "fr-WF",
        "fr-YT",
        "ga-IE",
        "gn-PY",
        "gsw-CH",
        "gsw-LI",
        "he-IL",
        "hi-IN",
        "hr-BA",
        "hr-HR",
        "ht-HT",
        "hu-HU",
        "hy-AM",
        "id-ID",
        "is-IS",
        "it-CH",
        "it-IT",
        "it-SM",
        "it-VA",
        "ja-JP",
        "ka-GE",
        "kk-KZ",
        "kl-GL",
        "km-KH",
        "ko-KR",
        "ky-KG",
        "lb-LU",
        "lo-LA",
        "lt-LT",
        "lv-LV",
        "mg-MG",
        "mi-NZ",
        "mk-MK",
        "mn-MN",
        "ms-BN",
        "ms-MY",
        "ms-SG",
        "mt-MT",
        "my-MM",
        "nb-NO",
        "nd-ZW",
        "ne-NP",
        "nl-AW",
        "nl-BE",
        "nl-CW",
        "nl-NL",
        "nl-SR",
        "nl-SX",
        "nn-NO",
        "ny-MW",
        "pap-AW",
        "pap-CW",
        "pl-PL",
        "ps-AF",
        "pt-AO",
        "pt-BR",
        "pt-CV",
        "pt-GQ",
        "pt-GW",
        "pt-MO",
        "pt-MZ",
        "pt-PT",
        "pt-ST",
        "qu-BO",
        "qu-EC",
        "qu-PE",
        "rn-BI",
        "ro-MD",
        "ro-RO",
        "ru-BY",
        "ru-KG",
        "ru-KZ",
        "ru-RU",
        "ru-UA",
        "rw-RW",
        "sg-CF",
        "si-LK",
        "sk-SK",
        "sl-SI",
        "sn-ZW",
        "so-SO",
        "sq-AL",
        "sr-BA",
        "sr-ME",
        "sr-RS",
        "ss-SZ",
        "st-LS",
        "sv-FI",
        "sv-SE",
        "sw-KE",
        "sw-TZ",
        "sw-UG",
        "ta-LK",
        "ta-SG",
        "tg-TJ",
        "th-TH",
        "ti-ER",
        "tk-TM",
        "tn-BW",
        "to-TO",
        "tpi-PG",
        "tr-CY",
        "tr-TR"
      ]
    },
    {
      "id": "duckduckgo",
      "languages": [
        "af",
        "ar",
        "ast",
        "az_Latn",
        "be",
        "bg",
        "bn",
        "br",
        "bs_Latn",
        "ca",
        "cs",
        "cy",
        "da",
        "de",
        "el",
        "en",
        "eo",
        "es",
        "et",
        "eu",
        "fa",
        "fi",
        "fil",
        "fr",
        "ga",
        "gd",
        "gl",
        "he",
        "hi",
        "hr",
        "hu",
        "hy",
        "id",
        "is",
        "it",
        "ja",
        "kab",
        "kn",
        "ko",
        "ku",
        "kw",
        "lt",
        "lv",
        "ml",
        "mr",
        "ms",
        "nb",
        "nl",
        "nn",
        "pl",
        "pt",
        "ro",
        "ru",
        "sc",
        "si",
        "sk",
        "sl",
        "sq",
        "sr_Cyrl",
        "sv",
        "ta",
        "te",
        "th",
        "tr",
        "uk",
        "ur",
        "vi",
        "zh_Hans",
        "zh_Hant",
        "zh-CN",
        "zh-HK",
        "zh-TW"
      ]
    },
    {
      "id": "duckduckgo images",
      "languages": [
        "af",
        "ar",
        "ast",
        "az_Latn",
        "be",
        "bg",
        "bn",
        "br",
        "bs_Latn",
        "ca",
        "cs",
        "cy",
        "da",
        "de",
        "el",
        "en",
        "eo",
        "es",
        "et",
        "eu",
        "fa",
        "fi",
        "fil",
        "fr",
        "ga",
        "gd",
        "gl",
        "he",
        "hi",
        "hr",
        "hu",
        "hy",
        "id",
        "is",
        "it",
        "ja",
        "kab",
        "kn",
        "ko",
        "ku",
        "kw",
        "lt",
        "lv",
        "ml",
        "mr",
        "ms",
        "nb",
        "nl",
        "nn",
        "pl",
        "pt",
        "ro",
        "ru",
        "sc",
        "si",
        "sk",
        "sl",
        "sq",
        "sr_Cyrl",
        "sv",
        "ta",
        "te",
        "th",
        "tr",
        "uk",
        "ur",
        "vi",
        "zh_Hans",
        "zh_Hant",
        "zh-CN",
        "zh-HK",
        "zh-TW"
      ]
    },
    {
      "id": "duckduckgo videos",
      "languages": [
        "af",
        "ar",
        "ast",
        "az_Latn",
        "be",
        "bg",
        "bn",
        "br",
        "bs_Latn",
        "ca",
        "cs",
        "cy",
        "da",
        "de",
        "el",
        "en",
        "eo",
        "es",
        "et",
        "eu",
        "fa",
        "fi",
        "fil",
        "fr",
        "ga",
        "gd",
        "gl",
        "he",
        "hi",
        "hr",
        "hu",
        "hy",
        "id",
        "is",
        "it",
        "ja",
        "kab",
        "kn",
        "ko",
        "ku",
        "kw",
        "lt",
        "lv",
        "ml",
        "mr",
        "ms",
        "nb",
        "nl",
        "nn",
        "pl",
        "pt",
        "ro",
        "ru",
        "sc",
        "si",
        "sk",
        "sl",
        "sq",
        "sr_Cyrl",
        "sv",
        "ta",
        "te",
        "th",
        "tr",
        "uk",
        "ur",
        "vi",
        "zh_Hans",
        "zh_Hant",
        "zh-CN",
        "zh-HK",
        "zh-TW"
      ]
    },
    {
      "id": "duckduckgo news",
      "languages": [
        "af",
        "ar",
        "ast",
        "az_Latn",
        "be",
        "bg",
        "bn",
        "br",
        "bs_Latn",
        "ca",
        "cs",
        "cy",
        "da",
        "de",
        "el",
        "en",
        "eo",
        "es",
        "et",
        "eu",
        "fa",
        "fi",
        "fil",
        "fr",
        "ga",
        "gd",
        "gl",
        "he",
        "hi",
        "hr",
        "hu",
        "hy",
        "id",
        "is",
        "it",
        "ja",
        "kab",
        "kn",
        "ko",
        "ku",
        "kw",
        "lt",
        "lv",
        "ml",
        "mr",
        "ms",
        "nb",
        "nl",
        "nn",
        "pl",
        "pt",
        "ro",
        "ru",
        "sc",
        "si",
        "sk",
        "sl",
        "sq",
        "sr_Cyrl",
        "sv",
        "ta",
        "te",
        "th",
        "tr",
        "uk",
        "ur",
        "vi",
        "zh_Hans",
        "zh_Hant",
        "zh-CN",
        "zh-HK",
        "zh-TW"
      ]
    },
    {
      "id": "bing news",
      "languages": [
        "am-ET",
        "ar-AE",
        "ar-BH",
        "ar-DJ",
        "ar-DZ",
        "ar-EG",
        "ar-ER",
        "ar-IL",
        "ar-IQ",
        "ar-JO",
        "ar-KM",
        "ar-KW",
        "ar-LB",
        "ar-LY",
        "ar-MA",
        "ar-MR",
        "ar-OM",
        "ar-PS",
        "ar-QA",
        "ar-SA",
        "ar-SD",
        "ar-SO",
        "ar-SY",
        "ar-TD",
        "ar-TN",
        "ar-YE",
        "az-AZ",
        "be-BY",
        "bg-BG",
        "bn-BD",
        "bs-BA",
        "ca-AD",
        "cs-CZ",
        "da-DK",
        "de-AT",
        "de-BE",
        "de-CH",
        "de-DE",
        "de-LI",
        "de-LU",
        "dv-MV",
        "dz-BT",
        "el-CY",
        "el-GR",
        "en-AG",
        "en-AI",
        "en-AS",
        "en-AU",
        "en-BB",
        "en-BI",
        "en-BM",
        "en-BS",
        "en-BW",
        "en-BZ",
        "en-CA",
        "en-CC",
        "en-CK",
        "en-CM",
        "en-CX",
        "en-DM",
        "en-ER",
        "en-FJ",
        "en-FK",
        "en-FM",
        "en-GB",
        "en-GD",
        "en-GG",
        "en-GH",
        "en-GI",
        "en-GM",
        "en-GU",
        "en-GY",
        "en-HK",
        "en-IE",
        "en-IN",
        "en-JE",
        "en-JM",
        "en-KE",
        "en-KI",
        "en-KN",
        "en-KY",
        "en-LC",
        "en-LR",
        "en-LS",
        "en-MG",
        "en-MH",
        "en-MP",
        "en-MS",
        "en-MT",
        "en-MU",
        "en-MW",
        "en-NA",
        "en-NF",
        "en-NG",
        "en-NR",
        "en-NU",
        "en-NZ",
        "en-PG",
        "en-PH",
        "en-PK",
        "en-PN",
        "en-PR",
        "en-PW",
        "en-RW",
        "en-SB",
        "en-SC",
        "en-SD",
        "en-SG",
        "en-SH",
        "en-SL",
        "en-SS",
        "en-SX",
        "en-SZ",
        "en-TC",
        "en-TK",
        "en-TO",
        "en-TT",
        "en-TV",
        "en-TZ",
        "en-UG",
        "en-US",
        "en-VC",
        "en-VG",
        "en-VI",
        "en-VU",
        "en-WS",
        "en-ZA",
        "en-ZM",
        "en-ZW",
        "es-AR",
        "es-BO",
        "es-CL",
        "es-CO",
        "es-CR",
        "es-DO",
        "es-EC",
        "es-ES",
        "es-GQ",
        "es-GT",
        "es-HN",
        "es-MX",
        "es-NI",
        "es-PA",
        "es-PE",
        "es-PR",
        "es-PY",
        "es-SV",
        "es-UY",
        "es-VE",
        "et-EE",
        "fa-AF",
        "fa-IR",
        "fi-FI",
        "fil-PH",
        "fo-FO",
        "fr-BE",
        "fr-BF",
        "fr-BI",
        "fr-BJ",
        "fr-BL",
        "fr-CA",
        "fr-CD",
        "fr-CF",
        "fr-CG",
        "fr-CH",
        "fr-CI",
        "fr-CM",
        "fr-DJ",
        "fr-DZ",
        "fr-FR",
        "fr-GA",
        "fr-GF",
        "fr-GN",
        "fr-GP",
        "fr-GQ",
        "fr-HT",
        "fr-KM",
        "fr-LU",
        "fr-MA",
        "fr-MC",
        "fr-MF",
        "fr-MG",
        "fr-ML",
        "fr-MQ",
        "fr-MU",
        "fr-NC",
        "fr-NE",
        "fr-PF",
        "fr-PM",
        "fr-RE",
        "fr-RW",
        "fr-SC",
        "fr-SN",
        "fr-TD",
        "fr-TG",
        "fr-TN",
        "fr-VU",
        "fr-WF",
        "fr-YT",
        "ga-IE",
        "gn-PY",
        "gsw-CH",
        "gsw-LI",
        "he-IL",
        "hi-IN",
        "hr-BA",
        "hr-HR",
        "ht-HT",
        "hu-HU",
        "hy-AM",
        "id-ID",
        "is-IS",
        "it-CH",
        "it-IT",
        "it-SM",
        "it-VA",
        "ja-JP",
        "ka-GE",
        "kk-KZ",
        "kl-GL",
        "km-KH",
        "ko-KR",
        "ky-KG",
        "lb-LU",
        "lo-LA",
        "lt-LT",
        "lv-LV",
        "mg-MG",
        "mi-NZ",
        "mk-MK",
        "mn-MN",
        "ms-BN",
        "ms-MY",
        "ms-SG",
        "mt-MT",
        "my-MM",
        "nb-NO",
        "nd-ZW",
        "ne-NP",
        "nl-AW",
        "nl-BE",
        "nl-CW",
        "nl-NL",
        "nl-SR",
        "nl-SX",
        "nn-NO",
        "ny-MW",
        "pap-AW",
        "pap-CW",
        "pl-PL",
        "ps-AF",
        "pt-AO",
        "pt-BR",
        "pt-CV",
        "pt-GQ",
        "pt-GW",
        "pt-MO",
        "pt-MZ",
        "pt-PT",
        "pt-ST",
        "qu-BO",
        "qu-EC",
        "qu-PE",
        "rn-BI",
        "ro-MD",
        "ro-RO",
        "ru-BY",
        "ru-KG",
        "ru-KZ",
        "ru-RU",
        "ru-UA",
        "rw-RW",
        "sg-CF",
        "si-LK",
        "sk-SK",
        "sl-SI",
        "sn-ZW",
        "so-SO",
        "sq-AL",
        "sr-BA",
        "sr-ME",
        "sr-RS",
        "ss-SZ",
        "st-LS",
        "sv-FI",
        "sv-SE",
        "sw-KE",
        "sw-TZ",
        "sw-UG",
        "ta-LK",
        "ta-SG",
        "tg-TJ",
        "th-TH",
        "ti-ER",
        "tk-TM",
        "tn-BW",
        "to-TO",
        "tpi-PG",
        "tr-CY",
        "tr-TR"
      ]
    },
    {
      "id": "bing images",
      "languages": [
        "am-ET",
        "ar-AE",
        "ar-BH",
        "ar-DJ",
        "ar-DZ",
        "ar-EG",
        "ar-ER",
        "ar-IL",
        "ar-IQ",
        "ar-JO",
        "ar-KM",
        "ar-KW",
        "ar-LB",
        "ar-LY",
        "ar-MA",
        "ar-MR",
        "ar-OM",
        "ar-PS",
        "ar-QA",
        "ar-SA",
        "ar-SD",
        "ar-SO",
        "ar-SY",
        "ar-TD",
        "ar-TN",
        "ar-YE",
        "az-AZ",
        "be-BY",
        "bg-BG",
        "bn-BD",
        "bs-BA",
        "ca-AD",
        "cs-CZ",
        "da-DK",
        "de-AT",
        "de-BE",
        "de-CH",
        "de-DE",
        "de-LI",
        "de-LU",
        "dv-MV",
        "dz-BT",
        "el-CY",
        "el-GR",
        "en-AG",
        "en-AI",
        "en-AS",
        "en-AU",
        "en-BB",
        "en-BI",
        "en-BM",
        "en-BS",
        "en-BW",
        "en-BZ",
        "en-CA",
        "en-CC",
        "en-CK",
        "en-CM",
        "en-CX",
        "en-DM",
        "en-ER",
        "en-FJ",
        "en-FK",
        "en-FM",
        "en-GB",
        "en-GD",
        "en-GG",
        "en-GH",
        "en-GI",
        "en-GM",
        "en-GU",
        "en-GY",
        "en-HK",
        "en-IE",
        "en-IN",
        "en-JE",
        "en-JM",
        "en-KE",
        "en-KI",
        "en-KN",
        "en-KY",
        "en-LC",
        "en-LR",
        "en-LS",
        "en-MG",
        "en-MH",
        "en-MP",
        "en-MS",
        "en-MT",
        "en-MU",
        "en-MW",
        "en-NA",
        "en-NF",
        "en-NG",
        "en-NR",
        "en-NU",
        "en-NZ",
        "en-PG",
        "en-PH",
        "en-PK",
        "en-PN",
        "en-PR",
        "en-PW",
        "en-RW",
        "en-SB",
        "en-SC",
        "en-SD",
        "en-SG",
        "en-SH",
        "en-SL",
        "en-SS",
        "en-SX",
        "en-SZ",
        "en-TC",
        "en-TK",
        "en-TO",
        "en-TT",
        "en-TV",
        "en-TZ",
        "en-UG",
        "en-US",
        "en-VC",
        "en-VG",
        "en-VI",
        "en-VU",
        "en-WS",
        "en-ZA",
        "en-ZM",
        "en-ZW",
        "es-AR",
        "es-BO",
        "es-CL",
        "es-CO",
        "es-CR",
        "es-DO",
        "es-EC",
        "es-ES",
        "es-GQ",
        "es-GT",
        "es-HN",
        "es-MX",
        "es-NI",
        "es-PA",
        "es-PE",
        "es-PR",
        "es-PY",
        "es-SV",
        "es-UY",
        "es-VE",
        "et-EE",
        "fa-AF",
        "fa-IR",
        "fi-FI",
        "fil-PH",
        "fo-FO",
        "fr-BE",
        "fr-BF",
        "fr-BI",
        "fr-BJ",
        "fr-BL",
        "fr-CA",
        "fr-CD",
        "fr-CF",
        "fr-CG",
        "fr-CH",
        "fr-CI",
        "fr-CM",
        "fr-DJ",
        "fr-DZ",
        "fr-FR",
        "fr-GA",
        "fr-GF",
        "fr-GN",
        "fr-GP",
        "fr-GQ",
        "fr-HT",
        "fr-KM",
        "fr-LU",
        "fr-MA",
        "fr-MC",
        "fr-MF",
        "fr-MG",
        "fr-ML",
        "fr-MQ",
        "fr-MU",
        "fr-NC",
        "fr-NE",
        "fr-PF",
        "fr-PM",
        "fr-RE",
        "fr-RW",
        "fr-SC",
        "fr-SN",
        "fr-TD",
        "fr-TG",
        "fr-TN",
        "fr-VU",
        "fr-WF",
        "fr-YT",
        "ga-IE",
        "gn-PY",
        "gsw-CH",
        "gsw-LI",
        "he-IL",
        "hi-IN",
        "hr-BA",
        "hr-HR",
        "ht-HT",
        "hu-HU",
        "hy-AM",
        "id-ID",
        "is-IS",
        "it-CH",
        "it-IT",
        "it-SM",
        "it-VA",
        "ja-JP",
        "ka-GE",
        "kk-KZ",
        "kl-GL",
        "km-KH",
        "ko-KR",
        "ky-KG",
        "lb-LU",
        "lo-LA",
        "lt-LT",
        "lv-LV",
        "mg-MG",
        "mi-NZ",
        "mk-MK",
        "mn-MN",
        "ms-BN",
        "ms-MY",
        "ms-SG",
        "mt-MT",
        "my-MM",
        "nb-NO",
        "nd-ZW",
        "ne-NP",
        "nl-AW",
        "nl-BE",
        "nl-CW",
        "nl-NL",
        "nl-SR",
        "nl-SX",
        "nn-NO",
        "ny-MW",
        "pap-AW",
        "pap-CW",
        "pl-PL",
        "ps-AF",
        "pt-AO",
        "pt-BR",
        "pt-CV",
        "pt-GQ",
        "pt-GW",
        "pt-MO",
        "pt-MZ",
        "pt-PT",
        "pt-ST",
        "qu-BO",
        "qu-EC",
        "qu-PE",
        "rn-BI",
        "ro-MD",
        "ro-RO",
        "ru-BY",
        "ru-KG",
        "ru-KZ",
        "ru-RU",
        "ru-UA",
        "rw-RW",
        "sg-CF",
        "si-LK",
        "sk-SK",
        "sl-SI",
        "sn-ZW",
        "so-SO",
        "sq-AL",
        "sr-BA",
        "sr-ME",
        "sr-RS",
        "ss-SZ",
        "st-LS",
        "sv-FI",
        "sv-SE",
        "sw-KE",
        "sw-TZ",
        "sw-UG",
        "ta-LK",
        "ta-SG",
        "tg-TJ",
        "th-TH",
        "ti-ER",
        "tk-TM",
        "tn-BW",
        "to-TO",
        "tpi-PG",
        "tr-CY",
        "tr-TR"
      ]
    },
    {
      "id": "bing videos",
      "languages": [
        "am-ET",
        "ar-AE",
        "ar-BH",
        "ar-DJ",
        "ar-DZ",
        "ar-EG",
        "ar-ER",
        "ar-IL",
        "ar-IQ",
        "ar-JO",
        "ar-KM",
        "ar-KW",
        "ar-LB",
        "ar-LY",
        "ar-MA",
        "ar-MR",
        "ar-OM",
        "ar-PS",
        "ar-QA",
        "ar-SA",
        "ar-SD",
        "ar-SO",
        "ar-SY",
        "ar-TD",
        "ar-TN",
        "ar-YE",
        "az-AZ",
        "be-BY",
        "bg-BG",
        "bn-BD",
        "bs-BA",
        "ca-AD",
        "cs-CZ",
        "da-DK",
        "de-AT",
        "de-BE",
        "de-CH",
        "de-DE",
        "de-LI",
        "de-LU",
        "dv-MV",
        "dz-BT",
        "el-CY",
        "el-GR",
        "en-AG",
        "en-AI",
        "en-AS",
        "en-AU",
        "en-BB",
        "en-BI",
        "en-BM",
        "en-BS",
        "en-BW",
        "en-BZ",
        "en-CA",
        "en-CC",
        "en-CK",
        "en-CM",
        "en-CX",
        "en-DM",
        "en-ER",
        "en-FJ",
        "en-FK",
        "en-FM",
        "en-GB",
        "en-GD",
        "en-GG",
        "en-GH",
        "en-GI",
        "en-GM",
        "en-GU",
        "en-GY",
        "en-HK",
        "en-IE",
        "en-IN",
        "en-JE",
        "en-JM",
        "en-KE",
        "en-KI",
        "en-KN",
        "en-KY",
        "en-LC",
        "en-LR",
        "en-LS",
        "en-MG",
        "en-MH",
        "en-MP",
        "en-MS",
        "en-MT",
        "en-MU",
        "en-MW",
        "en-NA",
        "en-NF",
        "en-NG",
        "en-NR",
        "en-NU",
        "en-NZ",
        "en-PG",
        "en-PH",
        "en-PK",
        "en-PN",
        "en-PR",
        "en-PW",
        "en-RW",
        "en-SB",
        "en-SC",
        "en-SD",
        "en-SG",
        "en-SH",
        "en-SL",
        "en-SS",
        "en-SX",
        "en-SZ",
        "en-TC",
        "en-TK",
        "en-TO",
        "en-TT",
        "en-TV",
        "en-TZ",
        "en-UG",
        "en-US",
        "en-VC",
        "en-VG",
        "en-VI",
        "en-VU",
        "en-WS",
        "en-ZA",
        "en-ZM",
        "en-ZW",
        "es-AR",
        "es-BO",
        "es-CL",
        "es-CO",
        "es-CR",
        "es-DO",
        "es-EC",
        "es-ES",
        "es-GQ",
        "es-GT",
        "es-HN",
        "es-MX",
        "es-NI",
        "es-PA",
        "es-PE",
        "es-PR",
        "es-PY",
        "es-SV",
        "es-UY",
        "es-VE",
        "et-EE",
        "fa-AF",
        "fa-IR",
        "fi-FI",
        "fil-PH",
        "fo-FO",
        "fr-BE",
        "fr-BF",
        "fr-BI",
        "fr-BJ",
        "fr-BL",
        "fr-CA",
        "fr-CD",
        "fr-CF",
        "fr-CG",
        "fr-CH",
        "fr-CI",
        "fr-CM",
        "fr-DJ",
        "fr-DZ",
        "fr-FR",
        "fr-GA",
        "fr-GF",
        "fr-GN",
        "fr-GP",
        "fr-GQ",
        "fr-HT",
        "fr-KM",
        "fr-LU",
        "fr-MA",
        "fr-MC",
        "fr-MF",
        "fr-MG",
        "fr-ML",
        "fr-MQ",
        "fr-MU",
        "fr-NC",
        "fr-NE",
        "fr-PF",
        "fr-PM",
        "fr-RE",
        "fr-RW",
        "fr-SC",
        "fr-SN",
        "fr-TD",
        "fr-TG",
        "fr-TN",
        "fr-VU",
        "fr-WF",
        "fr-YT",
        "ga-IE",
        "gn-PY",
        "gsw-CH",
        "gsw-LI",
        "he-IL",
        "hi-IN",
        "hr-BA",
        "hr-HR",
        "ht-HT",
        "hu-HU",
        "hy-AM",
        "id-ID",
        "is-IS",
        "it-CH",
        "it-IT",
        "it-SM",
        "it-VA",
        "ja-JP",
        "ka-GE",
        "kk-KZ",
        "kl-GL",
        "km-KH",
        "ko-KR",
        "ky-KG",
        "lb-LU",
        "lo-LA",
        "lt-LT",
        "lv-LV",
        "mg-MG",
        "mi-NZ",
        "mk-MK",
        "mn-MN",
        "ms-BN",
        "ms-MY",
        "ms-SG",
        "mt-MT",
        "my-MM",
        "nb-NO",
        "nd-ZW",
        "ne-NP",
        "nl-AW",
        "nl-BE",
        "nl-CW",
        "nl-NL",
        "nl-SR",
        "nl-SX",
        "nn-NO",
        "ny-MW",
        "pap-AW",
        "pap-CW",
        "pl-PL",
        "ps-AF",
        "pt-AO",
        "pt-BR",
        "pt-CV",
        "pt-GQ",
        "pt-GW",
        "pt-MO",
        "pt-MZ",
        "pt-PT",
        "pt-ST",
        "qu-BO",
        "qu-EC",
        "qu-PE",
        "rn-BI",
        "ro-MD",
        "ro-RO",
        "ru-BY",
        "ru-KG",
        "ru-KZ",
        "ru-RU",
        "ru-UA",
        "rw-RW",
        "sg-CF",
        "si-LK",
        "sk-SK",
        "sl-SI",
        "sn-ZW",
        "so-SO",
        "sq-AL",
        "sr-BA",
        "sr-ME",
        "sr-RS",
        "ss-SZ",
        "st-LS",
        "sv-FI",
        "sv-SE",
        "sw-KE",
        "sw-TZ",
        "sw-UG",
        "ta-LK",
        "ta-SG",
        "tg-TJ",
        "th-TH",
        "ti-ER",
        "tk-TM",
        "tn-BW",
        "to-TO",
        "tpi-PG",
        "tr-CY",
        "tr-TR"
      ]
    }
  ]
}
{"applied":9,"revision":36}
