✔ Observatory streams are bounded per account and release slots on cancellation (18.134757ms)
✔ category and case-insensitive name filters compose and keep only matching selection (1.111213ms)
✔ empty filters never display an unrelated policy; reset is unfiltered (1.077713ms)
✔ refresh and mutation retain filters without passing UI parameters into the policy write (0.84767ms)
✔ reviewed defaults isolate unrelated providers while preserving sibling CAPTCHA restrictions (170.756957ms)
✔ shared-default repair retains origin protection, quotas and approvals; refuses ambiguous or active state (159.29435ms)
✔ unavailable search explains protection and unsupported filters without leaking admin state (138.675872ms)
✔ lexical query boundary rejects every upstream special parser prefix, preserves ordinary site syntax (0.8388ms)
✔ Retry-After accepts seconds and dates without shortening (0.251733ms)
✔ fresh catalog never auto-approves; policy changes preserve audit and revision (117.59218ms)
✔ roles and stale revisions reject without changing durable state (101.311535ms)
✔ idempotent commands create one revision and audit entry (102.938855ms)
✔ audit failure never confirms a mutation (87.123714ms)
✔ last budget token is reserved atomically across simultaneous requests (145.601136ms)
✔ engine selection honors every filter and changed capability fingerprints (102.58261ms)
✔ drain and provider deadlines are hard gates for manual probes (109.801547ms)
✔ backend failures do not label every provider unhealthy; empty results are not failures (113.497991ms)
✔ restart preserves quotas and policies, health becomes unknown (166.942711ms)
✔ event allowlist discards search contents, query hashes, IDs and arbitrary errors (0.427435ms)
✔ bounded telemetry reports drops while search state remains usable (79.807297ms)
✔ media addresses exclude local, private, mapped and metadata networks (8.293329ms)
✔ early engine batches, stable append, dedupe, signed paging and post-plan disable (1096.266614ms)
✔ an idempotency key cannot authorize a different command (88.805644ms)
✔ provider family cooldown blocks sibling engines and probes and survives restart (172.415918ms)
✔ technical quarantine recovery is audited and cannot shorten provider deadlines (123.286258ms)
✔ knowledge preserves one attributed entity, rejects ambiguity and never weakens filters (132.5932ms)
✔ knowledge rate-limit fallback cannot reuse the same quota domain (170.427004ms)
✔ no suitable sources and all-engine failures have honest terminal states (121.486516ms)
✔ client cancellation stops commits and retains dispatched cost and concurrency leases across restart (169.959298ms)
✔ corrupt storage is fail-closed and does not recreate approvals (32.023844ms)
✔ special IPv6 representations and transition ranges cannot bypass the media boundary (0.424745ms)
✔ a real SQLite audit insert failure rolls back policy and revision atomically (88.928026ms)
✔ OAuth authorization pins the full subdirectory and production callback; only secure HttpOnly cookies (2.108725ms)
✔ OAuth state is browser-bound and single-use (0.919001ms)
✔ OAuth uses authenticated OCS identity; session keeps neither access nor refresh tokens (5.289764ms)
✔ mismatched identities and accounts without explicit roles cannot sign in (1.58854ms)
✔ unencrypted public admin origins are refused; local testing remains possible (0.339724ms)
✔ adapter attests pinned backend, inactive plugins, and never treats discovery as health (2.089435ms)
✔ engine request contains only explicit reviewed fields, no categories, cookies, or browser engine_data (1.879942ms)
✔ HTTP200 provider errors, unsafe URLs and foreign attribution never become successful results (1.61203ms)
✔ backend 429 remains backend ingress scope and retains Retry-After (0.649818ms)
✔ media proxy refuses unsigned requests and signed internal targets before any network read (6.888652ms)
ℹ tests 42
ℹ suites 0
ℹ pass 42
ℹ fail 0
ℹ cancelled 0
ℹ skipped 0
ℹ todo 0
ℹ duration_ms 3925.592726
