✔ Observatory streams are bounded per account and release slots on cancellation (17.560711ms)
✔ category and case-insensitive name filters compose and keep only matching selection (1.14043ms)
✔ empty filters never display an unrelated policy; reset is unfiltered (1.129379ms)
✔ refresh and mutation retain filters without passing UI parameters into the policy write (0.934358ms)
✔ reviewed defaults isolate unrelated providers while preserving sibling CAPTCHA restrictions (140.303589ms)
✔ shared-default repair retains origin protection, quotas and approvals; refuses ambiguous or active state (132.295951ms)
✔ unavailable search explains protection and unsupported filters without leaking admin state (107.239875ms)
✔ lexical query boundary rejects every upstream special parser prefix, preserves ordinary site syntax (0.798377ms)
✔ Retry-After accepts seconds and dates without shortening (0.299912ms)
✔ fresh catalog never auto-approves; policy changes preserve audit and revision (82.185979ms)
✔ roles and stale revisions reject without changing durable state (79.856249ms)
✔ idempotent commands create one revision and audit entry (79.890479ms)
✔ audit failure never confirms a mutation (74.587963ms)
✔ last budget token is reserved atomically across simultaneous requests (103.635363ms)
✔ engine selection honors every filter and changed capability fingerprints (86.076392ms)
✔ drain and provider deadlines are hard gates for manual probes (94.538765ms)
✔ backend failures do not label every provider unhealthy; empty results are not failures (84.366208ms)
✔ restart preserves quotas and policies, health becomes unknown (144.86683ms)
✔ event allowlist discards search contents, query hashes, IDs and arbitrary errors (0.439053ms)
✔ bounded telemetry reports drops while search state remains usable (67.990636ms)
✔ media addresses exclude local, private, mapped and metadata networks (8.585814ms)
✔ early engine batches, stable append, dedupe, signed paging and post-plan disable (1063.311259ms)
✔ an idempotency key cannot authorize a different command (76.115677ms)
✔ provider family cooldown blocks sibling engines and probes and survives restart (143.288407ms)
✔ technical quarantine recovery is audited and cannot shorten provider deadlines (95.109331ms)
✔ knowledge preserves one attributed entity, rejects ambiguity and never weakens filters (112.458961ms)
✔ knowledge rate-limit fallback cannot reuse the same quota domain (126.723294ms)
✔ no suitable sources and all-engine failures have honest terminal states (101.316345ms)
✔ client cancellation stops commits and retains dispatched cost and concurrency leases across restart (147.714567ms)
✔ corrupt storage is fail-closed and does not recreate approvals (32.203229ms)
✔ special IPv6 representations and transition ranges cannot bypass the media boundary (0.201372ms)
✔ a real SQLite audit insert failure rolls back policy and revision atomically (77.870733ms)
✔ SafeSearch exception is explicit, durable and audited, without relaxing other eligibility guards (106.954624ms)
✔ knowledge exception changes only its own dispatch, preserves native SafeSearch and discloses the exception in SSR and streaming (149.745174ms)
✔ SSR defaults store only validated filters in an expiring host-only cookie (1.828056ms)
✔ explicit URL filters, including empty time range and SafeSearch off, override saved defaults (0.503374ms)
✔ invalid, unknown-version, oversized and deleted cookies fall back without breaking search (3.609641ms)
✔ home category links preserve explicitly cleared filters against saved preferences (0.354893ms)
✔ OAuth authorization pins the full subdirectory and production callback; only secure HttpOnly cookies (2.139948ms)
✔ OAuth state is browser-bound and single-use (1.015019ms)
✔ OAuth uses authenticated OCS identity; session keeps neither access nor refresh tokens (4.60225ms)
✔ mismatched identities and accounts without explicit roles cannot sign in (4.746531ms)
✔ unencrypted public admin origins are refused; local testing remains possible (0.386683ms)
✔ adapter attests pinned backend, inactive plugins, and never treats discovery as health (1.957927ms)
✔ engine request contains only explicit reviewed fields, no categories, cookies, or browser engine_data (2.004298ms)
✔ HTTP200 provider errors, unsafe URLs and foreign attribution never become successful results (1.304261ms)
✔ backend 429 remains backend ingress scope and retains Retry-After (0.668935ms)
✔ media proxy refuses unsigned requests and signed internal targets before any network read (6.261664ms)
ℹ tests 48
ℹ suites 0
ℹ pass 48
ℹ fail 0
ℹ cancelled 0
ℹ skipped 0
ℹ todo 0
ℹ duration_ms 3638.677426
