✔ Observatory streams are bounded per account and release slots on cancellation (19.723976ms)
✔ category and case-insensitive name filters compose and keep only matching selection (1.304536ms)
✔ empty filters never display an unrelated policy; reset is unfiltered (1.156374ms)
✔ refresh and mutation retain filters without passing UI parameters into the policy write (1.192595ms)
✔ region-only SearXNG traits advertise language coverage without inventing unsupported languages (36.610279ms)
✔ locale fingerprint tracks added coverage; legacy approvals never silently bypass review (26.207774ms)
✔ German image search streams both reviewed sources and keeps provider protection, budgets and disabled sources intact (293.815413ms)
✔ reviewed defaults isolate unrelated providers while preserving sibling CAPTCHA restrictions (181.563468ms)
✔ shared-default repair retains origin protection, quotas and approvals; refuses ambiguous or active state (150.713947ms)
✔ unavailable search explains protection and unsupported filters without leaking admin state (110.0643ms)
✔ lexical query boundary rejects every upstream special parser prefix, preserves ordinary site syntax (0.928501ms)
✔ Retry-After accepts seconds and dates without shortening (0.317713ms)
✔ fresh catalog never auto-approves; policy changes preserve audit and revision (84.26363ms)
✔ roles and stale revisions reject without changing durable state (79.492574ms)
✔ idempotent commands create one revision and audit entry (73.956887ms)
✔ audit failure never confirms a mutation (73.115197ms)
✔ last budget token is reserved atomically across simultaneous requests (100.740898ms)
✔ engine selection honors every filter and changed capability fingerprints (85.04521ms)
✔ drain and provider deadlines are hard gates for manual probes (97.090715ms)
✔ backend failures do not label every provider unhealthy; empty results are not failures (87.381598ms)
✔ restart preserves quotas and policies, health becomes unknown (138.037865ms)
✔ event allowlist discards search contents, query hashes, IDs and arbitrary errors (0.442796ms)
✔ bounded telemetry reports drops while search state remains usable (68.476981ms)
✔ media addresses exclude local, private, mapped and metadata networks (8.630044ms)
✔ early engine batches, stable append, dedupe, signed paging and post-plan disable (1061.622929ms)
✔ an idempotency key cannot authorize a different command (77.528409ms)
✔ provider family cooldown blocks sibling engines and probes and survives restart (144.312151ms)
✔ technical quarantine recovery is audited and cannot shorten provider deadlines (92.899593ms)
✔ knowledge preserves one attributed entity, rejects ambiguity and never weakens filters (108.396389ms)
✔ knowledge rate-limit fallback cannot reuse the same quota domain (132.471019ms)
✔ no suitable sources and all-engine failures have honest terminal states (96.286984ms)
✔ client cancellation stops commits and retains dispatched cost and concurrency leases across restart (144.569434ms)
✔ corrupt storage is fail-closed and does not recreate approvals (29.477953ms)
✔ special IPv6 representations and transition ranges cannot bypass the media boundary (0.356484ms)
✔ a real SQLite audit insert failure rolls back policy and revision atomically (79.652075ms)
✔ SafeSearch exception is explicit, durable and audited, without relaxing other eligibility guards (108.816725ms)
✔ knowledge exception changes only its own dispatch, preserves native SafeSearch and discloses the exception in SSR and streaming (146.426876ms)
✔ SSR defaults store only validated filters in an expiring host-only cookie (2.279007ms)
✔ explicit URL filters, including empty time range and SafeSearch off, override saved defaults (0.628278ms)
✔ invalid, unknown-version, oversized and deleted cookies fall back without breaking search (0.478986ms)
✔ home category links preserve explicitly cleared filters against saved preferences (0.485436ms)
✔ OAuth authorization pins the full subdirectory and production callback; only secure HttpOnly cookies (2.067715ms)
✔ OAuth state is browser-bound and single-use (1.162784ms)
✔ OAuth uses authenticated OCS identity; session keeps neither access nor refresh tokens (6.703911ms)
✔ mismatched identities and accounts without explicit roles cannot sign in (2.190146ms)
✔ unencrypted public admin origins are refused; local testing remains possible (0.403815ms)
✔ adapter attests pinned backend, inactive plugins, and never treats discovery as health (2.313577ms)
✔ engine request contains only explicit reviewed fields, no categories, cookies, or browser engine_data (2.612531ms)
✔ HTTP200 provider errors, unsafe URLs and foreign attribution never become successful results (1.885483ms)
✔ backend 429 remains backend ingress scope and retains Retry-After (0.725368ms)
✔ media proxy refuses unsigned requests and signed internal targets before any network read (8.30646ms)
ℹ tests 51
ℹ suites 0
ℹ pass 51
ℹ fail 0
ℹ cancelled 0
ℹ skipped 0
ℹ todo 0
ℹ duration_ms 3689.119807
