time="2026-09-19T23:13:57+02:00" level=warning msg="Docker Compose requires buildx plugin to be installed"
 Image xtend-search:0.1.0 Building 
 Image xtend-search:0.1.0 Building 
Sending build context to Docker daemon  524.4kBSending build context to Docker daemon  1.573MBSending build context to Docker daemon  3.159MBSending build context to Docker daemon  4.208MBSending build context to Docker daemon  4.732MBSending build context to Docker daemon  5.781MBSending build context to Docker daemon  9.991MBSending build context to Docker daemon  14.72MBSending build context to Docker daemon  19.44MBSending build context to Docker daemon  24.17MBSending build context to Docker daemon  28.37MBSending build context to Docker daemon  31.52MBSending build context to Docker daemon  36.76MBSending build context to Docker daemon  42.01MBSending build context to Docker daemon  47.26MBSending build context to Docker daemon   52.5MBSending build context to Docker daemon  58.28MBSending build context to Docker daemon  61.95MB
Step 1/30 : ARG NODE_IMAGE=node:24.19.0-bookworm-slim@sha256:a9f5f7c91a432850b2a8a7797adf5eadb6c733ceed61167806cee7ea7fbc29df
Step 2/30 : ARG PYTHON_IMAGE=python:3.12-slim-bookworm@sha256:392307d22300de8b5986851a12d9176dfc0fc073e65bf6523ebd7dcbeb23564e
Step 3/30 : FROM ${NODE_IMAGE} AS frontend
 ---> 622f209f6c16
Step 4/30 : WORKDIR /build/xtend
 ---> Using cache
 ---> 4a54a32a878f
Step 5/30 : COPY xtend/package.json xtend/package-lock.json ./
 ---> Using cache
 ---> e713c2517f08
Step 6/30 : COPY xtend/vendor-inputs ./vendor-inputs
 ---> Using cache
 ---> 1b1d1c55fdbc
Step 7/30 : RUN npm install --global npm@11.17.0 && npm ci --ignore-scripts
 ---> Using cache
 ---> 224f5eee891f
Step 8/30 : WORKDIR /build
 ---> Using cache
 ---> 83304326e0b5
Step 9/30 : COPY . .
 ---> a5d4ba2bd331
Step 10/30 : RUN tar --exclude=./xtend/node_modules --exclude=./source.tar.gz -czf /source.tar.gz .
 ---> Running in cf8f89170e6d
 ---> Removed intermediate container cf8f89170e6d
 ---> 68deb20d02dd
Step 11/30 : WORKDIR /build/xtend
 ---> Running in de1448389fd2
 ---> Removed intermediate container de1448389fd2
 ---> 974734cc9de5
Step 12/30 : RUN npm run build && npm prune --omit=dev --ignore-scripts
 ---> Running in 922c28eac8ef

> xtend-search@0.1.0 build
> node scripts/build.cjs

{"ok":true,"node":"v24.19.0","version":"145982a28fe456d6a2f13f2a06379f090e9f38e0887dde0de1f3e0eafa9e3970","sourceSha256":"d84038395dbd1dd6b432c1a52966a58fd440a2e14c301bc8c83685e6e5777ca5","compilation":{"compilations":1,"hits":1,"documents":1}}

removed 19 packages, and audited 2 packages in 3s

found 0 vulnerabilities
 ---> Removed intermediate container 922c28eac8ef
 ---> c3b8826ebc45
Step 13/30 : FROM ${PYTHON_IMAGE} AS runtime
 ---> febd0be41adb
Step 14/30 : ENV PYTHONDONTWRITEBYTECODE=1 PYTHONUNBUFFERED=1     BIND_HOST=0.0.0.0 PORT=8080 XTEND_SECRET_DIR=/var/lib/xtend-search     SEARXNG_SETTINGS_PATH=/app/xtend/config/settings.yml     SEARXNG_URL=http://localhost:8080/ XTEND_PYTHON=/usr/local/bin/python
 ---> Using cache
 ---> 50123adf30c2
Step 15/30 : WORKDIR /app
 ---> Using cache
 ---> b384220990df
Step 16/30 : RUN apt-get update && apt-get install -y --no-install-recommends tini libstdc++6 ca-certificates     && rm -rf /var/lib/apt/lists/*     && groupadd --gid 10001 xtend && useradd --uid 10001 --gid 10001 --no-create-home xtend     && mkdir -p /var/lib/xtend-search && chown 10001:10001 /var/lib/xtend-search
 ---> Using cache
 ---> 16353030e18b
Step 17/30 : COPY --from=frontend /usr/local/bin/node /usr/local/bin/node
 ---> Using cache
 ---> 4b08fa7b0489
Step 18/30 : COPY xtend/requirements.lock.txt /app/xtend/requirements.lock.txt
 ---> Using cache
 ---> 53df2dca9118
Step 19/30 : RUN pip install --no-cache-dir -r /app/xtend/requirements.lock.txt
 ---> Using cache
 ---> f896afa9f2df
Step 20/30 : COPY searx /app/searx
 ---> Using cache
 ---> 684616cb5247
Step 21/30 : COPY LICENSE /app/LICENSE
 ---> Using cache
 ---> d9d793834cfb
Step 22/30 : COPY --from=frontend /build/xtend /app/xtend
 ---> cc7c58bfc809
Step 23/30 : COPY --from=frontend /source.tar.gz /app/source.tar.gz
 ---> 026e08ce03f9
Step 24/30 : RUN python -c 'from pathlib import Path; Path("searx/version_frozen.py").write_text("VERSION_STRING = \"2026.9.19+e831fc2a1+xtend.0.1.0\"\nVERSION_TAG = \"2026.9.19+e831fc2a1\"\nDOCKER_TAG = \"xtend-search-0.1.0\"\nGIT_URL = \"/source.tar.gz\"\nGIT_BRANCH = \"xtend-search\"\n")'
 ---> Running in 7fb80eaf00f9
 ---> Removed intermediate container 7fb80eaf00f9
 ---> c77656714b55
Step 25/30 : USER 10001:10001
 ---> Running in a2a9be9505ee
 ---> Removed intermediate container a2a9be9505ee
 ---> 1f269f06d10a
Step 26/30 : EXPOSE 8080
 ---> Running in 637e66bcf1af
 ---> Removed intermediate container 637e66bcf1af
 ---> 5f056a5dad64
Step 27/30 : HEALTHCHECK --interval=30s --timeout=5s --start-period=60s --retries=3 CMD node -e 'fetch("http://127.0.0.1:8080/health/ready").then(r=>process.exit(r.ok?0:1)).catch(()=>process.exit(1))'
 ---> Running in 69424b9140ad
 ---> Removed intermediate container 69424b9140ad
 ---> 90f87ade433f
Step 28/30 : ENTRYPOINT ["/usr/bin/tini", "--"]
 ---> Running in 959c589deaa6
 ---> Removed intermediate container 959c589deaa6
 ---> 24e416cc52d0
Step 29/30 : CMD ["node", "xtend/server/supervisor.mjs"]
 ---> Running in fce81f3b57e1
 ---> Removed intermediate container fce81f3b57e1
 ---> d67e4f86f51f
Step 30/30 : LABEL com.docker.compose.image.builder=classic
 ---> Running in 0c943a785601
 ---> Removed intermediate container 0c943a785601
 ---> 065a54cf17b9
Successfully built 065a54cf17b9
Successfully tagged xtend-search:0.1.0
 Image xtend-search:0.1.0 Built 
 Image xtend-search:0.1.0 Built 
