DEPRECATED: The legacy builder is deprecated and will be removed in a future release.
            Install the buildx component to build images with BuildKit:
            https://docs.docker.com/go/buildx/

Sending build context to Docker daemon  76.63MB
Step 1/29 : ARG NODE_IMAGE=node:24.19.0-bookworm-slim@sha256:a9f5f7c91a432850b2a8a7797adf5eadb6c733ceed61167806cee7ea7fbc29df
Step 2/29 : ARG PYTHON_IMAGE=python:3.12-slim-bookworm@sha256:392307d22300de8b5986851a12d9176dfc0fc073e65bf6523ebd7dcbeb23564e
Step 3/29 : FROM ${NODE_IMAGE} AS frontend
 ---> 622f209f6c16
Step 4/29 : WORKDIR /build/xtend
 ---> Using cache
 ---> 4a54a32a878f
Step 5/29 : COPY xtend/package.json xtend/package-lock.json ./
 ---> Using cache
 ---> bfdb5386b78a
Step 6/29 : COPY xtend/vendor-inputs ./vendor-inputs
 ---> Using cache
 ---> ea0c7bc31898
Step 7/29 : RUN npm install --global npm@11.17.0 && npm ci --ignore-scripts
 ---> Using cache
 ---> bc1a7a8dfd9a
Step 8/29 : WORKDIR /build
 ---> Using cache
 ---> 908b63442f2c
Step 9/29 : COPY . .
 ---> 6f7146917497
Step 10/29 : RUN tar --exclude=./xtend/node_modules --exclude=./source.tar.gz -czf /source.tar.gz .
 ---> Running in 6d0f5fea2d3a
 ---> Removed intermediate container 6d0f5fea2d3a
 ---> 6233b72a6b58
Step 11/29 : WORKDIR /build/xtend
 ---> Running in 3268ad70e8b3
 ---> Removed intermediate container 3268ad70e8b3
 ---> 92c039ac8012
Step 12/29 : RUN npm run build && npm prune --omit=dev --ignore-scripts
 ---> Running in 50b01a8b066d

> xtend-search@0.2.0 build
> node scripts/build.cjs

{"ok":true,"node":"v24.19.0","version":"138a0e2ab4b440a017cec5c4dd83c140f6edc5ae26dfd45c5e875e4dbefe258f","sourceSha256":"2dd22e872959e114819a09154dc2edaa9c7a2e3afd56b47028bf58f7e458a8cc","compilation":{"compilations":1,"hits":1,"documents":1}}

removed 19 packages, and audited 2 packages in 4s

found 0 vulnerabilities
 ---> Removed intermediate container 50b01a8b066d
 ---> 8f4c429f83f9
Step 13/29 : FROM ${PYTHON_IMAGE} AS runtime
 ---> febd0be41adb
Step 14/29 : ENV PYTHONDONTWRITEBYTECODE=1 PYTHONUNBUFFERED=1     BIND_HOST=0.0.0.0 PORT=8080 XTEND_SECRET_DIR=/var/lib/xtend-search     SEARXNG_SETTINGS_PATH=/app/xtend/config/settings.yml     SEARXNG_URL=http://localhost:8080/ XTEND_PYTHON=/usr/local/bin/python
 ---> Using cache
 ---> 50123adf30c2
Step 15/29 : WORKDIR /app
 ---> Using cache
 ---> b384220990df
Step 16/29 : RUN apt-get update && apt-get install -y --no-install-recommends tini libstdc++6 ca-certificates     && rm -rf /var/lib/apt/lists/*     && groupadd --gid 10001 xtend && useradd --uid 10001 --gid 10001 --no-create-home xtend     && mkdir -p /var/lib/xtend-search && chown 10001:10001 /var/lib/xtend-search
 ---> Using cache
 ---> 16353030e18b
Step 17/29 : COPY --from=frontend /usr/local/bin/node /usr/local/bin/node
 ---> Using cache
 ---> 4b08fa7b0489
Step 18/29 : COPY xtend/requirements.lock.txt /app/xtend/requirements.lock.txt
 ---> Using cache
 ---> 53df2dca9118
Step 19/29 : RUN pip install --no-cache-dir -r /app/xtend/requirements.lock.txt
 ---> Using cache
 ---> f896afa9f2df
Step 20/29 : COPY searx /app/searx
 ---> Using cache
 ---> ee3f97817310
Step 21/29 : COPY LICENSE /app/LICENSE
 ---> Using cache
 ---> b5c641eea9a0
Step 22/29 : COPY --from=frontend /build/xtend /app/xtend
 ---> c3a91fc6feae
Step 23/29 : COPY --from=frontend /source.tar.gz /app/source.tar.gz
 ---> f8b49c4089a0
Step 24/29 : RUN python -c 'from pathlib import Path; Path("searx/version_frozen.py").write_text("VERSION_STRING = \"2026.9.19+e831fc2a1+xtend.0.2.0\"\nVERSION_TAG = \"2026.9.19+e831fc2a1\"\nDOCKER_TAG = \"xtend-search-0.2.0\"\nGIT_URL = \"/source.tar.gz\"\nGIT_BRANCH = \"xtend-search\"\n")'
 ---> Running in ccb5c19f94de
 ---> Removed intermediate container ccb5c19f94de
 ---> 3f80f886aa82
Step 25/29 : USER 10001:10001
 ---> Running in 7830d65d9f82
 ---> Removed intermediate container 7830d65d9f82
 ---> 77c3525b3a18
Step 26/29 : EXPOSE 8080
 ---> Running in cf61e55e4a65
 ---> Removed intermediate container cf61e55e4a65
 ---> 164c5ade49ec
Step 27/29 : HEALTHCHECK --interval=30s --timeout=5s --start-period=60s --retries=3 CMD node -e 'fetch("http://127.0.0.1:8080/health/ready").then(r=>process.exit(r.ok?0:1)).catch(()=>process.exit(1))'
 ---> Running in 9f229177d5c2
 ---> Removed intermediate container 9f229177d5c2
 ---> 4b7268cf0ed7
Step 28/29 : ENTRYPOINT ["/usr/bin/tini", "--"]
 ---> Running in 1d51836fb0dc
 ---> Removed intermediate container 1d51836fb0dc
 ---> 79e17ab47634
Step 29/29 : CMD ["node", "xtend/server/supervisor.mjs"]
 ---> Running in a5ce40be274a
 ---> Removed intermediate container a5ce40be274a
 ---> f0affe482938
Successfully built f0affe482938
Successfully tagged xtend-search:0.2.0
