time="2026-09-19T23:16:46+02:00" level=warning msg="Docker Compose requires buildx plugin to be installed"
 Image xtend-search:0.1.0 Building 
 Image xtend-search:0.1.0 Building 
Sending build context to Docker daemon  524.4kBSending build context to Docker daemon  1.573MBSending build context to Docker daemon  3.159MBSending build context to Docker daemon  4.208MBSending build context to Docker daemon  4.732MBSending build context to Docker daemon  5.257MBSending build context to Docker daemon  6.314MBSending build context to Docker daemon  10.52MBSending build context to Docker daemon  15.24MBSending build context to Docker daemon  19.97MBSending build context to Docker daemon  24.69MBSending build context to Docker daemon  29.42MBSending build context to Docker daemon  34.66MBSending build context to Docker daemon  40.44MBSending build context to Docker daemon  45.68MBSending build context to Docker daemon  51.46MBSending build context to Docker daemon   56.7MBSending build context to Docker daemon  61.95MB
Step 1/30 : ARG NODE_IMAGE=node:24.19.0-bookworm-slim@sha256:a9f5f7c91a432850b2a8a7797adf5eadb6c733ceed61167806cee7ea7fbc29df
Step 2/30 : ARG PYTHON_IMAGE=python:3.12-slim-bookworm@sha256:392307d22300de8b5986851a12d9176dfc0fc073e65bf6523ebd7dcbeb23564e
Step 3/30 : FROM ${NODE_IMAGE} AS frontend
 ---> 622f209f6c16
Step 4/30 : WORKDIR /build/xtend
 ---> Using cache
 ---> 4a54a32a878f
Step 5/30 : COPY xtend/package.json xtend/package-lock.json ./
 ---> Using cache
 ---> e713c2517f08
Step 6/30 : COPY xtend/vendor-inputs ./vendor-inputs
 ---> Using cache
 ---> 1b1d1c55fdbc
Step 7/30 : RUN npm install --global npm@11.17.0 && npm ci --ignore-scripts
 ---> Using cache
 ---> 224f5eee891f
Step 8/30 : WORKDIR /build
 ---> Using cache
 ---> 83304326e0b5
Step 9/30 : COPY . .
 ---> c35d5eaf3748
Step 10/30 : RUN tar --exclude=./xtend/node_modules --exclude=./source.tar.gz -czf /source.tar.gz .
 ---> Running in b12049c4c2f7
 ---> Removed intermediate container b12049c4c2f7
 ---> 436daaf63a36
Step 11/30 : WORKDIR /build/xtend
 ---> Running in fdf28eff0b0d
 ---> Removed intermediate container fdf28eff0b0d
 ---> 8df4339fb518
Step 12/30 : RUN npm run build && npm prune --omit=dev --ignore-scripts
 ---> Running in f31f96b98330

> xtend-search@0.1.0 build
> node scripts/build.cjs

{"ok":true,"node":"v24.19.0","version":"145982a28fe456d6a2f13f2a06379f090e9f38e0887dde0de1f3e0eafa9e3970","sourceSha256":"d84038395dbd1dd6b432c1a52966a58fd440a2e14c301bc8c83685e6e5777ca5","compilation":{"compilations":1,"hits":1,"documents":1}}

removed 19 packages, and audited 2 packages in 3s

found 0 vulnerabilities
 ---> Removed intermediate container f31f96b98330
 ---> 8400181ae56c
Step 13/30 : FROM ${PYTHON_IMAGE} AS runtime
 ---> febd0be41adb
Step 14/30 : ENV PYTHONDONTWRITEBYTECODE=1 PYTHONUNBUFFERED=1     BIND_HOST=0.0.0.0 PORT=8080 XTEND_SECRET_DIR=/var/lib/xtend-search     SEARXNG_SETTINGS_PATH=/app/xtend/config/settings.yml     SEARXNG_URL=http://localhost:8080/ XTEND_PYTHON=/usr/local/bin/python
 ---> Using cache
 ---> 50123adf30c2
Step 15/30 : WORKDIR /app
 ---> Using cache
 ---> b384220990df
Step 16/30 : RUN apt-get update && apt-get install -y --no-install-recommends tini libstdc++6 ca-certificates     && rm -rf /var/lib/apt/lists/*     && groupadd --gid 10001 xtend && useradd --uid 10001 --gid 10001 --no-create-home xtend     && mkdir -p /var/lib/xtend-search && chown 10001:10001 /var/lib/xtend-search
 ---> Using cache
 ---> 16353030e18b
Step 17/30 : COPY --from=frontend /usr/local/bin/node /usr/local/bin/node
 ---> Using cache
 ---> 4b08fa7b0489
Step 18/30 : COPY xtend/requirements.lock.txt /app/xtend/requirements.lock.txt
 ---> Using cache
 ---> 53df2dca9118
Step 19/30 : RUN pip install --no-cache-dir -r /app/xtend/requirements.lock.txt
 ---> Using cache
 ---> f896afa9f2df
Step 20/30 : COPY searx /app/searx
 ---> Using cache
 ---> 684616cb5247
Step 21/30 : COPY LICENSE /app/LICENSE
 ---> Using cache
 ---> d9d793834cfb
Step 22/30 : COPY --from=frontend /build/xtend /app/xtend
 ---> 6414c6878e81
Step 23/30 : COPY --from=frontend /source.tar.gz /app/source.tar.gz
 ---> 852c224149c4
Step 24/30 : RUN python -c 'from pathlib import Path; Path("searx/version_frozen.py").write_text("VERSION_STRING = \"2026.9.19+e831fc2a1+xtend.0.1.0\"\nVERSION_TAG = \"2026.9.19+e831fc2a1\"\nDOCKER_TAG = \"xtend-search-0.1.0\"\nGIT_URL = \"/source.tar.gz\"\nGIT_BRANCH = \"xtend-search\"\n")'
 ---> Running in 908dbbe0c953
 ---> Removed intermediate container 908dbbe0c953
 ---> 563fce1287c4
Step 25/30 : USER 10001:10001
 ---> Running in 223b4bb25240
 ---> Removed intermediate container 223b4bb25240
 ---> 6a40c47694cc
Step 26/30 : EXPOSE 8080
 ---> Running in 7c8214f315b7
 ---> Removed intermediate container 7c8214f315b7
 ---> ea2ad938ae19
Step 27/30 : HEALTHCHECK --interval=30s --timeout=5s --start-period=60s --retries=3 CMD node -e 'fetch("http://127.0.0.1:8080/health/ready").then(r=>process.exit(r.ok?0:1)).catch(()=>process.exit(1))'
 ---> Running in 7b23cf2cf591
 ---> Removed intermediate container 7b23cf2cf591
 ---> 0d1846106c1e
Step 28/30 : ENTRYPOINT ["/usr/bin/tini", "--"]
 ---> Running in cab257d72770
 ---> Removed intermediate container cab257d72770
 ---> b80d04fd8706
Step 29/30 : CMD ["node", "xtend/server/supervisor.mjs"]
 ---> Running in cb906732da3e
 ---> Removed intermediate container cb906732da3e
 ---> 7bbec9b08582
Step 30/30 : LABEL com.docker.compose.image.builder=classic
 ---> Running in ec440c9c14fd
 ---> Removed intermediate container ec440c9c14fd
 ---> 505b36417769
Successfully built 505b36417769
Successfully tagged xtend-search:0.1.0
 Image xtend-search:0.1.0 Built 
 Image xtend-search:0.1.0 Built 
