time="2026-09-19T22:36:47+02:00" level=warning msg="Docker Compose requires buildx plugin to be installed"
 Image xtend-search:0.1.0 Building 
 Image xtend-search:0.1.0 Building 
Sending build context to Docker daemon  524.4kBSending build context to Docker daemon  1.573MBSending build context to Docker daemon  3.159MBSending build context to Docker daemon  4.208MBSending build context to Docker daemon  5.257MBSending build context to Docker daemon  6.311MBSending build context to Docker daemon  10.51MBSending build context to Docker daemon  15.24MBSending build context to Docker daemon  19.96MBSending build context to Docker daemon  24.69MBSending build context to Docker daemon  29.41MBSending build context to Docker daemon  34.66MBSending build context to Docker daemon  38.86MBSending build context to Docker daemon  43.58MBSending build context to Docker daemon  47.78MBSending build context to Docker daemon   52.5MBSending build context to Docker daemon  57.75MBSending build context to Docker daemon  61.93MB
Step 1/30 : ARG NODE_IMAGE=node:24.19.0-bookworm-slim@sha256:a9f5f7c91a432850b2a8a7797adf5eadb6c733ceed61167806cee7ea7fbc29df
Step 2/30 : ARG PYTHON_IMAGE=python:3.12-slim-bookworm@sha256:392307d22300de8b5986851a12d9176dfc0fc073e65bf6523ebd7dcbeb23564e
Step 3/30 : FROM ${NODE_IMAGE} AS frontend
 ---> 622f209f6c16
Step 4/30 : WORKDIR /build/xtend
 ---> Using cache
 ---> 4a54a32a878f
Step 5/30 : COPY xtend/package.json xtend/package-lock.json ./
 ---> Using cache
 ---> e713c2517f08
Step 6/30 : COPY xtend/vendor-inputs ./vendor-inputs
 ---> Using cache
 ---> 1b1d1c55fdbc
Step 7/30 : RUN npm install --global npm@11.17.0 && npm ci --ignore-scripts
 ---> Using cache
 ---> 224f5eee891f
Step 8/30 : WORKDIR /build
 ---> Using cache
 ---> 83304326e0b5
Step 9/30 : COPY . .
 ---> bb01a4c6051c
Step 10/30 : RUN tar --exclude=./xtend/node_modules --exclude=./source.tar.gz -czf /source.tar.gz .
 ---> Running in a22b9c89dfa5
 ---> Removed intermediate container a22b9c89dfa5
 ---> 6718fbc9e4fd
Step 11/30 : WORKDIR /build/xtend
 ---> Running in 823db83e0e73
 ---> Removed intermediate container 823db83e0e73
 ---> 143291f8f259
Step 12/30 : RUN npm run build && npm prune --omit=dev --ignore-scripts
 ---> Running in e92e3e07a06c

> xtend-search@0.1.0 build
> node scripts/build.cjs

{"ok":true,"node":"v24.19.0","version":"e45f00e899e17171823ed3c8c7a518f6d9e8b4f4769036e42e36af097761edce","sourceSha256":"6f99e3d32b0daba46569758dd1b583fea81f40d79843f75a144a4115d5b30dd8","compilation":{"compilations":1,"hits":1,"documents":1}}

removed 19 packages, and audited 2 packages in 4s

found 0 vulnerabilities
 ---> Removed intermediate container e92e3e07a06c
 ---> 5def013f20b6
Step 13/30 : FROM ${PYTHON_IMAGE} AS runtime
 ---> febd0be41adb
Step 14/30 : ENV PYTHONDONTWRITEBYTECODE=1 PYTHONUNBUFFERED=1     BIND_HOST=0.0.0.0 PORT=8080 XTEND_SECRET_DIR=/var/lib/xtend-search     SEARXNG_SETTINGS_PATH=/app/xtend/config/settings.yml     SEARXNG_URL=http://localhost:8080/ XTEND_PYTHON=/usr/local/bin/python
 ---> Using cache
 ---> 50123adf30c2
Step 15/30 : WORKDIR /app
 ---> Using cache
 ---> b384220990df
Step 16/30 : RUN apt-get update && apt-get install -y --no-install-recommends tini libstdc++6 ca-certificates     && rm -rf /var/lib/apt/lists/*     && groupadd --gid 10001 xtend && useradd --uid 10001 --gid 10001 --no-create-home xtend     && mkdir -p /var/lib/xtend-search && chown 10001:10001 /var/lib/xtend-search
 ---> Using cache
 ---> 16353030e18b
Step 17/30 : COPY --from=frontend /usr/local/bin/node /usr/local/bin/node
 ---> Using cache
 ---> 4b08fa7b0489
Step 18/30 : COPY xtend/requirements.lock.txt /app/xtend/requirements.lock.txt
 ---> Using cache
 ---> 53df2dca9118
Step 19/30 : RUN pip install --no-cache-dir -r /app/xtend/requirements.lock.txt
 ---> Using cache
 ---> f896afa9f2df
Step 20/30 : COPY searx /app/searx
 ---> Using cache
 ---> 0404d7060af0
Step 21/30 : COPY LICENSE /app/LICENSE
 ---> Using cache
 ---> 9a29c15058ee
Step 22/30 : COPY --from=frontend /build/xtend /app/xtend
 ---> 5399e80c0a42
Step 23/30 : COPY --from=frontend /source.tar.gz /app/source.tar.gz
 ---> 1b22e526da80
Step 24/30 : RUN python -c 'from pathlib import Path; Path("searx/version_frozen.py").write_text("VERSION_STRING = \"2026.9.19+e831fc2a1+xtend.0.1.0\"\nVERSION_TAG = \"2026.9.19+e831fc2a1\"\nDOCKER_TAG = \"xtend-search-0.1.0\"\nGIT_URL = \"/source.tar.gz\"\nGIT_BRANCH = \"xtend-search\"\n")'
 ---> Running in 06c1a8a9ff01
 ---> Removed intermediate container 06c1a8a9ff01
 ---> 18ff9c37f7ed
Step 25/30 : USER 10001:10001
 ---> Running in 14305cc02b3d
 ---> Removed intermediate container 14305cc02b3d
 ---> b9a9f191b5c1
Step 26/30 : EXPOSE 8080
 ---> Running in 2313fab1929f
 ---> Removed intermediate container 2313fab1929f
 ---> 27362a81e35a
Step 27/30 : HEALTHCHECK --interval=30s --timeout=5s --start-period=60s --retries=3 CMD node -e 'fetch("http://127.0.0.1:8080/health/ready").then(r=>process.exit(r.ok?0:1)).catch(()=>process.exit(1))'
 ---> Running in 483228adc571
 ---> Removed intermediate container 483228adc571
 ---> 3894e0af94c9
Step 28/30 : ENTRYPOINT ["/usr/bin/tini", "--"]
 ---> Running in a2e1da958008
 ---> Removed intermediate container a2e1da958008
 ---> efdb9a24110d
Step 29/30 : CMD ["node", "xtend/server/supervisor.mjs"]
 ---> Running in d6d4369596d3
 ---> Removed intermediate container d6d4369596d3
 ---> 2d8d6184c0f8
Step 30/30 : LABEL com.docker.compose.image.builder=classic
 ---> Running in 88d75460ce94
 ---> Removed intermediate container 88d75460ce94
 ---> 01a355b88b59
Successfully built 01a355b88b59
Successfully tagged xtend-search:0.1.0
 Image xtend-search:0.1.0 Built 
 Image xtend-search:0.1.0 Built 
