time="2026-09-19T22:19:03+02:00" level=warning msg="Docker Compose requires buildx plugin to be installed"
 Image xtend-search:0.1.0 Building 
 Image xtend-search:0.1.0 Building 
Sending build context to Docker daemon  524.4kBSending build context to Docker daemon  1.573MBSending build context to Docker daemon  3.159MBSending build context to Docker daemon  3.684MBSending build context to Docker daemon  4.732MBSending build context to Docker daemon  5.781MBSending build context to Docker daemon   9.98MBSending build context to Docker daemon  14.71MBSending build context to Docker daemon  18.91MBSending build context to Docker daemon  23.63MBSending build context to Docker daemon  28.36MBSending build context to Docker daemon  33.61MBSending build context to Docker daemon  38.85MBSending build context to Docker daemon   44.1MBSending build context to Docker daemon  48.82MBSending build context to Docker daemon  53.55MBSending build context to Docker daemon  58.79MBSending build context to Docker daemon  61.92MB
Step 1/30 : ARG NODE_IMAGE=node:24.19.0-bookworm-slim@sha256:a9f5f7c91a432850b2a8a7797adf5eadb6c733ceed61167806cee7ea7fbc29df
Step 2/30 : ARG PYTHON_IMAGE=python:3.12-slim-bookworm@sha256:392307d22300de8b5986851a12d9176dfc0fc073e65bf6523ebd7dcbeb23564e
Step 3/30 : FROM ${NODE_IMAGE} AS frontend
 ---> 622f209f6c16
Step 4/30 : WORKDIR /build/xtend
 ---> Using cache
 ---> 4a54a32a878f
Step 5/30 : COPY xtend/package.json xtend/package-lock.json ./
 ---> Using cache
 ---> e713c2517f08
Step 6/30 : COPY xtend/vendor-inputs ./vendor-inputs
 ---> Using cache
 ---> 1b1d1c55fdbc
Step 7/30 : RUN npm install --global npm@11.17.0 && npm ci --ignore-scripts
 ---> Using cache
 ---> 224f5eee891f
Step 8/30 : WORKDIR /build
 ---> Using cache
 ---> 83304326e0b5
Step 9/30 : COPY . .
 ---> dcb1b96e5050
Step 10/30 : RUN tar --exclude=./xtend/node_modules --exclude=./source.tar.gz -czf /source.tar.gz .
 ---> Running in faff71e2b838
 ---> Removed intermediate container faff71e2b838
 ---> ea1829e51166
Step 11/30 : WORKDIR /build/xtend
 ---> Running in b33dc6b09ebf
 ---> Removed intermediate container b33dc6b09ebf
 ---> ffd09a29fff9
Step 12/30 : RUN npm run build && npm prune --omit=dev --ignore-scripts
 ---> Running in 68acabb53504

> xtend-search@0.1.0 build
> node scripts/build.cjs

{"ok":true,"node":"v24.19.0","version":"0f565dc2b4943bdfcc42776940930ca3fb88070ea55b4230a0a1de6c0a44c7a9","sourceSha256":"1f065c7161d33ab8fc791561376b6bd100ba6039460c7705813cd1a22da6a177","compilation":{"compilations":1,"hits":1,"documents":1}}

removed 19 packages, and audited 2 packages in 4s

found 0 vulnerabilities
 ---> Removed intermediate container 68acabb53504
 ---> 62fd9a725d5a
Step 13/30 : FROM ${PYTHON_IMAGE} AS runtime
 ---> febd0be41adb
Step 14/30 : ENV PYTHONDONTWRITEBYTECODE=1 PYTHONUNBUFFERED=1     BIND_HOST=0.0.0.0 PORT=8080 XTEND_SECRET_DIR=/var/lib/xtend-search     SEARXNG_SETTINGS_PATH=/app/xtend/config/settings.yml     SEARXNG_URL=http://localhost:8080/ XTEND_PYTHON=/usr/local/bin/python
 ---> Using cache
 ---> 50123adf30c2
Step 15/30 : WORKDIR /app
 ---> Using cache
 ---> b384220990df
Step 16/30 : RUN apt-get update && apt-get install -y --no-install-recommends tini libstdc++6 ca-certificates     && rm -rf /var/lib/apt/lists/*     && groupadd --gid 10001 xtend && useradd --uid 10001 --gid 10001 --no-create-home xtend     && mkdir -p /var/lib/xtend-search && chown 10001:10001 /var/lib/xtend-search
 ---> Using cache
 ---> 16353030e18b
Step 17/30 : COPY --from=frontend /usr/local/bin/node /usr/local/bin/node
 ---> Using cache
 ---> 4b08fa7b0489
Step 18/30 : COPY xtend/requirements.lock.txt /app/xtend/requirements.lock.txt
 ---> Using cache
 ---> 53df2dca9118
Step 19/30 : RUN pip install --no-cache-dir -r /app/xtend/requirements.lock.txt
 ---> Using cache
 ---> f896afa9f2df
Step 20/30 : COPY searx /app/searx
 ---> Using cache
 ---> 92aab27127a0
Step 21/30 : COPY LICENSE /app/LICENSE
 ---> Using cache
 ---> 5fdf5c37e982
Step 22/30 : COPY --from=frontend /build/xtend /app/xtend
 ---> 31a0bc563ae9
Step 23/30 : COPY --from=frontend /source.tar.gz /app/source.tar.gz
 ---> 9913e9d226b5
Step 24/30 : RUN python -c 'from pathlib import Path; Path("searx/version_frozen.py").write_text("VERSION_STRING = \"2026.9.19+e831fc2a1+xtend.0.1.0\"\nVERSION_TAG = \"2026.9.19+e831fc2a1\"\nDOCKER_TAG = \"xtend-search-0.1.0\"\nGIT_URL = \"/source.tar.gz\"\nGIT_BRANCH = \"xtend-search\"\n")'
 ---> Running in b24ba217bc27
 ---> Removed intermediate container b24ba217bc27
 ---> 80b82b02a2ab
Step 25/30 : USER 10001:10001
 ---> Running in b9408c08e428
 ---> Removed intermediate container b9408c08e428
 ---> 87297d5d8355
Step 26/30 : EXPOSE 8080
 ---> Running in aed51b273932
 ---> Removed intermediate container aed51b273932
 ---> 0a16ff8ca6bb
Step 27/30 : HEALTHCHECK --interval=30s --timeout=5s --start-period=60s --retries=3 CMD node -e 'fetch("http://127.0.0.1:8080/health/ready").then(r=>process.exit(r.ok?0:1)).catch(()=>process.exit(1))'
 ---> Running in ef8c16834f92
 ---> Removed intermediate container ef8c16834f92
 ---> 9baecdf62019
Step 28/30 : ENTRYPOINT ["/usr/bin/tini", "--"]
 ---> Running in 45677eb07922
 ---> Removed intermediate container 45677eb07922
 ---> 04ebe4b1edcc
Step 29/30 : CMD ["node", "xtend/server/supervisor.mjs"]
 ---> Running in 2f6f5bd1aec1
 ---> Removed intermediate container 2f6f5bd1aec1
 ---> e99f1f3daea2
Step 30/30 : LABEL com.docker.compose.image.builder=classic
 ---> Running in 8224505216c3
 ---> Removed intermediate container 8224505216c3
 ---> fb877caa07fb
Successfully built fb877caa07fb
Successfully tagged xtend-search:0.1.0
 Image xtend-search:0.1.0 Built 
 Image xtend-search:0.1.0 Built 
